Component: ARM Compiler 5.06 update 5 (build 528) Tool: armlink [4d35e2]

==============================================================================

Section Cross References

    main.o(i.ATCMD_waitOK) refers to strlen.o(.text) for strlen
    main.o(i.ATCMD_waitOK) refers to usart_utils.o(i.usart_write) for usart_write
    main.o(i.ATCMD_waitOK) refers to main.o(i.wait_OK) for wait_OK
    main.o(i.ATDELO_cmd) refers to rt_memcpy_v6.o(.text) for __aeabi_memcpy
    main.o(i.ATDELO_cmd) refers to config_utils.o(i.save_config) for save_config
    main.o(i.ATDELO_cmd) refers to usart_utils.o(i.usart_write) for usart_write
    main.o(i.ATDELO_cmd) refers to main.o(.constdata) for l_default_nbMCFG
    main.o(i.ATDELO_cmd) refers to main.o(.bss) for l_nbModuConfig
    main.o(i.ATIMEIBD_cmd) refers to _printf_percent.o(.ARM.Collect$$_printf_percent$$00000000) for _printf_percent
    main.o(i.ATIMEIBD_cmd) refers to _printf_d.o(.ARM.Collect$$_printf_percent$$00000009) for _printf_d
    main.o(i.ATIMEIBD_cmd) refers to _printf_s.o(.ARM.Collect$$_printf_percent$$00000014) for _printf_s
    main.o(i.ATIMEIBD_cmd) refers to _printf_dec.o(.text) for _printf_int_dec
    main.o(i.ATIMEIBD_cmd) refers to _printf_str.o(.text) for _printf_str
    main.o(i.ATIMEIBD_cmd) refers to rt_memclr_w.o(.text) for __aeabi_memclr4
    main.o(i.ATIMEIBD_cmd) refers to usart_utils.o(i.usart_write) for usart_write
    main.o(i.ATIMEIBD_cmd) refers to rt_memcpy_v6.o(.text) for __aeabi_memcpy
    main.o(i.ATIMEIBD_cmd) refers to strcmpv7m.o(.text) for strcmp
    main.o(i.ATIMEIBD_cmd) refers to __2snprintf.o(.text) for __2snprintf
    main.o(i.ATIMEIBD_cmd) refers to strlen.o(.text) for strlen
    main.o(i.ATIMEIBD_cmd) refers to main.o(.bss) for l_IMEI
    main.o(i.ATIMEIBD_cmd) refers to main.o(.data) for l_nband
    main.o(i.ATIPPORT_cmd) refers to _printf_percent.o(.ARM.Collect$$_printf_percent$$00000000) for _printf_percent
    main.o(i.ATIPPORT_cmd) refers to _printf_d.o(.ARM.Collect$$_printf_percent$$00000009) for _printf_d
    main.o(i.ATIPPORT_cmd) refers to _printf_dec.o(.text) for _printf_int_dec
    main.o(i.ATIPPORT_cmd) refers to rt_memclr_w.o(.text) for __aeabi_memclr4
    main.o(i.ATIPPORT_cmd) refers to usart_utils.o(i.usart_write) for usart_write
    main.o(i.ATIPPORT_cmd) refers to rt_memcpy_v6.o(.text) for __aeabi_memcpy
    main.o(i.ATIPPORT_cmd) refers to strcmpv7m.o(.text) for strcmp
    main.o(i.ATIPPORT_cmd) refers to __2snprintf.o(.text) for __2snprintf
    main.o(i.ATIPPORT_cmd) refers to strlen.o(.text) for strlen
    main.o(i.ATIPPORT_cmd) refers to memcmp.o(.text) for memcmp
    main.o(i.ATIPPORT_cmd) refers to utils.o(i.checkConfigIPORT) for checkConfigIPORT
    main.o(i.ATIPPORT_cmd) refers to main.o(.bss) for l_nbModuConfig
    main.o(i.ATRS232_cmd) refers to _printf_percent.o(.ARM.Collect$$_printf_percent$$00000000) for _printf_percent
    main.o(i.ATRS232_cmd) refers to _printf_d.o(.ARM.Collect$$_printf_percent$$00000009) for _printf_d
    main.o(i.ATRS232_cmd) refers to _printf_dec.o(.text) for _printf_int_dec
    main.o(i.ATRS232_cmd) refers to rt_memclr_w.o(.text) for __aeabi_memclr4
    main.o(i.ATRS232_cmd) refers to usart_utils.o(i.usart_write) for usart_write
    main.o(i.ATRS232_cmd) refers to rt_memcpy_v6.o(.text) for __aeabi_memcpy
    main.o(i.ATRS232_cmd) refers to strcmpv7m.o(.text) for strcmp
    main.o(i.ATRS232_cmd) refers to __2snprintf.o(.text) for __2snprintf
    main.o(i.ATRS232_cmd) refers to strlen.o(.text) for strlen
    main.o(i.ATRS232_cmd) refers to memcmp.o(.text) for memcmp
    main.o(i.ATRS232_cmd) refers to utils.o(i.checkConfigRS232) for checkConfigRS232
    main.o(i.ATRS232_cmd) refers to main.o(.bss) for l_nbModuConfig
    main.o(i.ATSAVE_cmd) refers to config_utils.o(i.save_config) for save_config
    main.o(i.ATSAVE_cmd) refers to usart_utils.o(i.usart_write) for usart_write
    main.o(i.ATSAVE_cmd) refers to main.o(.bss) for l_nbModuConfig
    main.o(i.ATSEMO_cmd) refers to _printf_percent.o(.ARM.Collect$$_printf_percent$$00000000) for _printf_percent
    main.o(i.ATSEMO_cmd) refers to _printf_d.o(.ARM.Collect$$_printf_percent$$00000009) for _printf_d
    main.o(i.ATSEMO_cmd) refers to _printf_dec.o(.text) for _printf_int_dec
    main.o(i.ATSEMO_cmd) refers to _scanf_int.o(.text) for _scanf_int
    main.o(i.ATSEMO_cmd) refers to rt_memclr_w.o(.text) for __aeabi_memclr4
    main.o(i.ATSEMO_cmd) refers to usart_utils.o(i.usart_write) for usart_write
    main.o(i.ATSEMO_cmd) refers to rt_memcpy_v6.o(.text) for __aeabi_memcpy
    main.o(i.ATSEMO_cmd) refers to strcmpv7m.o(.text) for strcmp
    main.o(i.ATSEMO_cmd) refers to __2snprintf.o(.text) for __2snprintf
    main.o(i.ATSEMO_cmd) refers to strlen.o(.text) for strlen
    main.o(i.ATSEMO_cmd) refers to memcmp.o(.text) for memcmp
    main.o(i.ATSEMO_cmd) refers to __0sscanf.o(.text) for __0sscanf
[...]
    i.rti_board_end                          0x080043b0   Section        0  components.o(i.rti_board_end)
    rti_board_end                            0x080043b1   Thumb Code     4  components.o(i.rti_board_end)
    i.rti_board_start                        0x080043b4   Section        0  components.o(i.rti_board_start)
    rti_board_start                          0x080043b5   Thumb Code     4  components.o(i.rti_board_start)
    i.rti_end                                0x080043b8   Section        0  components.o(i.rti_end)
    rti_end                                  0x080043b9   Thumb Code     4  components.o(i.rti_end)
    i.rti_start                              0x080043bc   Section        0  components.o(i.rti_start)
    rti_start                                0x080043bd   Thumb Code     4  components.o(i.rti_start)
    i.rtthread_startup                       0x080043c0   Section        0  components.o(i.rtthread_startup)
    i.sEE_TIMEOUT_UserCallback               0x080043ea   Section        0  see_i2c.o(i.sEE_TIMEOUT_UserCallback)
    i.sEE_WaitEepromStandbyState             0x080043f0   Section        0  see_i2c.o(i.sEE_WaitEepromStandbyState)
    i.save_config                            0x080044e0   Section        0  config_utils.o(i.save_config)
    i.start_mode                             0x08004528   Section        0  main.o(i.start_mode)
    i.stm32_getc                             0x08004628   Section        0  usart.o(i.stm32_getc)
    stm32_getc                               0x08004629   Thumb Code    26  usart.o(i.stm32_getc)
    i.tick_ms_init                           0x08004642   Section        0  time_utils.o(i.tick_ms_init)
    i.uart_isr                               0x08004650   Section        0  usart.o(i.uart_isr)
    uart_isr                                 0x08004651   Thumb Code   134  usart.o(i.uart_isr)
    i.udp_msgSend                            0x080046d8   Section        0  main.o(i.udp_msgSend)
    i.usart_init                             0x080047d8   Section        0  usart_utils.o(i.usart_init)
    i.usart_read                             0x0800486e   Section        0  usart_utils.o(i.usart_read)
    i.usart_write                            0x080048d0   Section        0  usart_utils.o(i.usart_write)
    i.wait_OK                                0x08004904   Section        0  main.o(i.wait_OK)
    locale$$code                             0x08004948   Section       44  lc_ctype_c.o(locale$$code)
    .constdata                               0x08004974   Section       13  main.o(.constdata)
    l_default_nbMCFG                         0x08004974   Data          13  main.o(.constdata)
    .constdata                               0x08004981   Section      290  kservice.o(.constdata)
    small_digits                             0x08004a81   Data          17  kservice.o(.constdata)
    large_digits                             0x08004a92   Data          17  kservice.o(.constdata)
    .constdata                               0x08004aa3   Section       40  _printf_hex_int.o(.constdata)
    uc_hextab                                0x08004aa3   Data          20  _printf_hex_int.o(.constdata)
    lc_hextab                                0x08004ab7   Data          20  _printf_hex_int.o(.constdata)
    .constdata                               0x08004acb   Section       17  __printf_flags_wp.o(.constdata)
    maptable                                 0x08004acb   Data          17  __printf_flags_wp.o(.constdata)
    .conststring                             0x08004adc   Section       58  main.o(.conststring)
    .rti_fn.0                                0x08004b18   Section        4  components.o(.rti_fn.0)
    __tagsym$$used                           0x08004b18   Number         0  components.o(.rti_fn.0)
    .rti_fn.0.end                            0x08004b1c   Section        4  components.o(.rti_fn.0.end)
    __tagsym$$used                           0x08004b1c   Number         0  components.o(.rti_fn.0.end)
    .rti_fn.1.end                            0x08004b20   Section        4  components.o(.rti_fn.1.end)
    __tagsym$$used                           0x08004b20   Number         0  components.o(.rti_fn.1.end)
    .rti_fn.6.end                            0x08004b24   Section        4  components.o(.rti_fn.6.end)
    __tagsym$$used                           0x08004b24   Number         0  components.o(.rti_fn.6.end)
    locale$$data                             0x08004b48   Section      272  lc_ctype_c.o(locale$$data)
    __lcctype_c_name                         0x08004b4c   Data           2  lc_ctype_c.o(locale$$data)
    __lcctype_c_start                        0x08004b54   Data           0  lc_ctype_c.o(locale$$data)
    __lcctype_c_end                          0x08004c58   Data           0  lc_ctype_c.o(locale$$data)
    .data                                    0x20000000   Section       56  main.o(.data)
    l_cnt                                    0x20000000   Data           4  main.o(.data)
    l_nband                                  0x20000004   Data           4  main.o(.data)
    .data                                    0x20000038   Section        8  see_i2c.o(.data)
    .data                                    0x20000040   Section        8  time_utils.o(.data)
    l_timestamp                              0x20000040   Data           8  time_utils.o(.data)
    .data                                    0x20000048   Section       20  system_stm32f10x.o(.data)
    .data                                    0x2000005c   Section       20  stm32f10x_rcc.o(.data)
    APBAHBPrescTable                         0x2000005c   Data          16  stm32f10x_rcc.o(.data)
    ADCPrescTable                            0x2000006c   Data           4  stm32f10x_rcc.o(.data)
    .data                                    0x20000070   Section       16  cpuport.o(.data)
    rt_exception_hook                        0x2000007c   Data           4  cpuport.o(.data)
    .data                                    0x20000080   Section        4  clock.o(.data)
    rt_tick                                  0x20000080   Data           4  clock.o(.data)
    .data                                    0x20000084   Section        1  irq.o(.data)
    .data                                    0x20000088   Section       24  mem.o(.data)
    heap_ptr                                 0x20000088   Data           4  mem.o(.data)
    heap_end                                 0x2000008c   Data           4  mem.o(.data)
    lfree                                    0x20000090   Data           4  mem.o(.data)
    mem_size_aligned                         0x20000094   Data           4  mem.o(.data)
    used_mem                                 0x20000098   Data           4  mem.o(.data)
    max_mem                                  0x2000009c   Data           4  mem.o(.data)
    .data                                    0x200000a0   Section       96  object.o(.data)
    rt_object_container                      0x200000a0   Data          96  object.o(.data)
    .data                                    0x20000100   Section       24  scheduler.o(.data)
    rt_scheduler_lock_nest                   0x20000100   Data           2  scheduler.o(.data)
    .data                                    0x20000118   Section       12  timer.o(.data)
    rt_timer_list                            0x20000118   Data           8  timer.o(.data)
    random_nr                                0x20000120   Data           4  timer.o(.data)
    .bss                                     0x20000124   Section     3228  main.o(.bss)
    l_uartBuf                                0x20000124   Data        1024  main.o(.bss)
    l_sendBuf                                0x20000524   Data        2048  main.o(.bss)
    l_nbModuConfig                           0x20000d24   Data          13  main.o(.bss)
    l_IMEI                                   0x20000d31   Data          15  main.o(.bss)
    buf                                      0x20000d40   Data         128  main.o(.bss)
    .bss                                     0x20000dc0   Section     1024  crc32.o(.bss)
    crc_tab32                                0x20000dc0   Data        1024  crc32.o(.bss)
    .bss                                     0x200011c0   Section      168  usart.o(.bss)
    .bss                                     0x20001268   Section     4096  board.o(.bss)
    rt_heap                                  0x20001268   Data        4096  board.o(.bss)
    .bss                                     0x20002268   Section      376  idle.o(.bss)
    idle                                     0x20002268   Data         120  idle.o(.bss)
    rt_thread_stack                          0x200022e0   Data         256  idle.o(.bss)
    .bss                                     0x200023e0   Section       32  mem.o(.bss)
    heap_sem                                 0x200023e0   Data          32  mem.o(.bss)
    .bss                                     0x20002400   Section       64  scheduler.o(.bss)
    .bss                                     0x20002440   Section       96  libspace.o(.bss)
    HEAP                                     0x200024a0   Section      512  startup_stm32f10x_md.o(HEAP)
    Heap_Mem                                 0x200024a0   Data         512  startup_stm32f10x_md.o(HEAP)
    STACK                                    0x200026a0   Section     1024  startup_stm32f10x_md.o(STACK)
    Stack_Mem                                0x200026a0   Data        1024  startup_stm32f10x_md.o(STACK)
    __initial_sp                             0x20002aa0   Data           0  startup_stm32f10x_md.o(STACK)

    Global Symbols

    Symbol Name                              Value     Ov Type        Size  Object(Section)

    BuildAttributes$$THM_ISAv4$P$D$K$B$S$PE$A:L22UL41UL21$X:L11$S22US41US21$IEEE1$IW$USESV6$~STKCKD$USESV7$~SHL$OSPACE$ROPI$EBA8$UX$STANDARDLIB$REQ8$PRES8$EABIv2 0x00000000   Number         0  anon$$obj.o ABSOLUTE
    __ARM_use_no_argv                        0x00000000   Number         0  main.o ABSOLUTE
    _printf_flags                            0x00000000   Number         0  printf_stubs.o ABSOLUTE
    _printf_return_value                     0x00000000   Number         0  printf_stubs.o ABSOLUTE
    _printf_sizespec                         0x00000000   Number         0  printf_stubs.o ABSOLUTE
    _printf_widthprec                        0x00000000   Number         0  printf_stubs.o ABSOLUTE
    __ARM_exceptions_init                     - Undefined Weak Reference
    __alloca_initialize                       - Undefined Weak Reference
    __arm_preinit_                            - Undefined Weak Reference
    __cpp_initialize__aeabi_                  - Undefined Weak Reference
    __cxa_finalize                            - Undefined Weak Reference
    __sigvec_lookup                           - Undefined Weak Reference
    _atexit_init                              - Undefined Weak Reference
    _call_atexit_fns                          - Undefined Weak Reference
    _clock_init                               - Undefined Weak Reference
    _fp_trap_init                             - Undefined Weak Reference
    _fp_trap_shutdown                         - Undefined Weak Reference
    _get_lc_collate                           - Undefined Weak Reference
    _get_lc_monetary                          - Undefined Weak Reference
    _get_lc_numeric                           - Undefined Weak Reference
    _get_lc_time                              - Undefined Weak Reference
    _getenv_init                              - Undefined Weak Reference
    _handle_redirection                       - Undefined Weak Reference
    _init_alloc                               - Undefined Weak Reference
    _init_user_alloc                          - Undefined Weak Reference
    _initio                                   - Undefined Weak Reference
    _printf_mbtowc                            - Undefined Weak Reference
    _printf_truncate_signed                   - Undefined Weak Reference
    _printf_truncate_unsigned                 - Undefined Weak Reference
    _rand_init                                - Undefined Weak Reference
    _scanf_longlong                           - Undefined Weak Reference
    _scanf_mbtowc                             - Undefined Weak Reference
    _scanf_real                               - Undefined Weak Reference
    _scanf_string                             - Undefined Weak Reference
    _scanf_wctomb                             - Undefined Weak Reference
    _scanf_wstring                            - Undefined Weak Reference
    _signal_finish                            - Undefined Weak Reference
    _signal_init                              - Undefined Weak Reference
    _terminate_alloc                          - Undefined Weak Reference
    _terminate_user_alloc                     - Undefined Weak Reference
    _terminateio                              - Undefined Weak Reference
    __Vectors_Size                           0x000000ec   Number         0  startup_stm32f10x_md.o ABSOLUTE
    __Vectors                                0x08000000   Data           4  startup_stm32f10x_md.o(RESET)
    __Vectors_End                            0x080000ec   Data           0  startup_stm32f10x_md.o(RESET)
    __main                                   0x080000ed   Thumb Code     8  __main.o(!!!main)
    __scatterload                            0x080000f5   Thumb Code     0  __scatter.o(!!!scatter)
    __scatterload_rt2                        0x080000f5   Thumb Code    44  __scatter.o(!!!scatter)
    __scatterload_rt2_thumb_only             0x080000f5   Thumb Code     0  __scatter.o(!!!scatter)
    __scatterload_null                       0x08000103   Thumb Code     0  __scatter.o(!!!scatter)
    __scatterload_copy                       0x08000129   Thumb Code    26  __scatter_copy.o(!!handler_copy)
    __scatterload_zeroinit                   0x08000145   Thumb Code    28  __scatter_zi.o(!!handler_zi)
    _printf_d                                0x08000161   Thumb Code     0  _printf_d.o(.ARM.Collect$$_printf_percent$$00000009)
    _printf_percent                          0x08000161   Thumb Code     0  _printf_percent.o(.ARM.Collect$$_printf_percent$$00000000)
    _printf_x                                0x08000167   Thumb Code     0  _printf_x.o(.ARM.Collect$$_printf_percent$$0000000C)
    _printf_s                                0x0800016d   Thumb Code     0  _printf_s.o(.ARM.Collect$$_printf_percent$$00000014)
    _printf_percent_end                      0x08000173   Thumb Code     0  _printf_percent_end.o(.ARM.Collect$$_printf_percent$$00000017)
    __rt_lib_init                            0x08000177   Thumb Code     0  libinit.o(.ARM.Collect$$libinit$$00000000)
    __rt_lib_init_fp_1                       0x08000179   Thumb Code     0  libinit2.o(.ARM.Collect$$libinit$$00000002)
    __rt_lib_init_heap_1                     0x08000179   Thumb Code     0  libinit2.o(.ARM.Collect$$libinit$$0000000A)
    __rt_lib_init_lc_common                  0x08000179   Thumb Code     0  libinit2.o(.ARM.Collect$$libinit$$0000000F)
    __rt_lib_init_preinit_1                  0x08000179   Thumb Code     0  libinit2.o(.ARM.Collect$$libinit$$00000004)
    __rt_lib_init_rand_1                     0x08000179   Thumb Code     0  libinit2.o(.ARM.Collect$$libinit$$0000000E)
    __rt_lib_init_user_alloc_1               0x08000179   Thumb Code     0  libinit2.o(.ARM.Collect$$libinit$$0000000C)
    __rt_lib_init_lc_collate_1               0x0800017f   Thumb Code     0  libinit2.o(.ARM.Collect$$libinit$$00000011)
    __rt_lib_init_lc_ctype_2                 0x0800017f   Thumb Code     0  libinit2.o(.ARM.Collect$$libinit$$00000012)
    __rt_lib_init_alloca_1                   0x0800018b   Thumb Code     0  libinit2.o(.ARM.Collect$$libinit$$0000002E)
    __rt_lib_init_argv_1                     0x0800018b   Thumb Code     0  libinit2.o(.ARM.Collect$$libinit$$0000002C)
    __rt_lib_init_atexit_1                   0x0800018b   Thumb Code     0  libinit2.o(.ARM.Collect$$libinit$$0000001B)
    __rt_lib_init_clock_1                    0x0800018b   Thumb Code     0  libinit2.o(.ARM.Collect$$libinit$$00000021)
    __rt_lib_init_cpp_1                      0x0800018b   Thumb Code     0  libinit2.o(.ARM.Collect$$libinit$$00000032)
    __rt_lib_init_exceptions_1               0x0800018b   Thumb Code     0  libinit2.o(.ARM.Collect$$libinit$$00000030)
    __rt_lib_init_fp_trap_1                  0x0800018b   Thumb Code     0  libinit2.o(.ARM.Collect$$libinit$$0000001F)
    __rt_lib_init_getenv_1                   0x0800018b   Thumb Code     0  libinit2.o(.ARM.Collect$$libinit$$00000023)
    __rt_lib_init_lc_ctype_1                 0x0800018b   Thumb Code     0  libinit2.o(.ARM.Collect$$libinit$$00000013)
    __rt_lib_init_lc_monetary_1              0x0800018b   Thumb Code     0  libinit2.o(.ARM.Collect$$libinit$$00000015)
    __rt_lib_init_lc_numeric_1               0x0800018b   Thumb Code     0  libinit2.o(.ARM.Collect$$libinit$$00000017)
    __rt_lib_init_lc_time_1                  0x0800018b   Thumb Code     0  libinit2.o(.ARM.Collect$$libinit$$00000019)
    __rt_lib_init_return                     0x0800018b   Thumb Code     0  libinit2.o(.ARM.Collect$$libinit$$00000033)
    __rt_lib_init_signal_1                   0x0800018b   Thumb Code     0  libinit2.o(.ARM.Collect$$libinit$$0000001D)
    __rt_lib_init_stdio_1                    0x0800018b   Thumb Code     0  libinit2.o(.ARM.Collect$$libinit$$00000025)
    __rt_lib_shutdown                        0x0800018d   Thumb Code     0  libshutdown.o(.ARM.Collect$$libshutdown$$00000000)
    __rt_lib_shutdown_cpp_1                  0x0800018f   Thumb Code     0  libshutdown2.o(.ARM.Collect$$libshutdown$$00000002)
    __rt_lib_shutdown_fp_trap_1              0x0800018f   Thumb Code     0  libshutdown2.o(.ARM.Collect$$libshutdown$$00000007)
    __rt_lib_shutdown_heap_1                 0x0800018f   Thumb Code     0  libshutdown2.o(.ARM.Collect$$libshutdown$$0000000F)
    __rt_lib_shutdown_return                 0x0800018f   Thumb Code     0  libshutdown2.o(.ARM.Collect$$libshutdown$$00000010)
    __rt_lib_shutdown_signal_1               0x0800018f   Thumb Code     0  libshutdown2.o(.ARM.Collect$$libshutdown$$0000000A)
    __rt_lib_shutdown_stdio_1                0x0800018f   Thumb Code     0  libshutdown2.o(.ARM.Collect$$libshutdown$$00000004)
    __rt_lib_shutdown_user_alloc_1           0x0800018f   Thumb Code     0  libshutdown2.o(.ARM.Collect$$libshutdown$$0000000C)
    __rt_entry                               0x08000191   Thumb Code     0  __rtentry.o(.ARM.Collect$$rtentry$$00000000)
    __rt_entry_presh_1                       0x08000191   Thumb Code     0  __rtentry2.o(.ARM.Collect$$rtentry$$00000002)
    __rt_entry_sh                            0x08000191   Thumb Code     0  __rtentry4.o(.ARM.Collect$$rtentry$$00000004)
    __rt_entry_li                            0x08000197   Thumb Code     0  __rtentry2.o(.ARM.Collect$$rtentry$$0000000A)
    __rt_entry_postsh_1                      0x08000197   Thumb Code     0  __rtentry2.o(.ARM.Collect$$rtentry$$00000009)
    __rt_entry_main                          0x0800019b   Thumb Code     0  __rtentry2.o(.ARM.Collect$$rtentry$$0000000D)
    __rt_entry_postli_1                      0x0800019b   Thumb Code     0  __rtentry2.o(.ARM.Collect$$rtentry$$0000000C)
    __rt_exit                                0x080001a3   Thumb Code     0  rtexit.o(.ARM.Collect$$rtexit$$00000000)
    __rt_exit_ls                             0x080001a5   Thumb Code     0  rtexit2.o(.ARM.Collect$$rtexit$$00000003)
    __rt_exit_prels_1                        0x080001a5   Thumb Code     0  rtexit2.o(.ARM.Collect$$rtexit$$00000002)
    __rt_exit_exit                           0x080001a9   Thumb Code     0  rtexit2.o(.ARM.Collect$$rtexit$$00000004)
    Reset_Handler                            0x080001b1   Thumb Code     8  startup_stm32f10x_md.o(.text)
    NMI_Handler                              0x080001b9   Thumb Code     2  startup_stm32f10x_md.o(.text)
    MemManage_Handler                        0x080001bd   Thumb Code     2  startup_stm32f10x_md.o(.text)
    BusFault_Handler                         0x080001bf   Thumb Code     2  startup_stm32f10x_md.o(.text)
    UsageFault_Handler                       0x080001c1   Thumb Code     2  startup_stm32f10x_md.o(.text)
    SVC_Handler                              0x080001c3   Thumb Code     2  startup_stm32f10x_md.o(.text)
    DebugMon_Handler                         0x080001c5   Thumb Code     2  startup_stm32f10x_md.o(.text)
    ADC1_2_IRQHandler                        0x080001cb   Thumb Code     0  startup_stm32f10x_md.o(.text)
    CAN1_RX1_IRQHandler                      0x080001cb   Thumb Code     0  startup_stm32f10x_md.o(.text)
    CAN1_SCE_IRQHandler                      0x080001cb   Thumb Code     0  startup_stm32f10x_md.o(.text)
    DMA1_Channel1_IRQHandler                 0x080001cb   Thumb Code     0  startup_stm32f10x_md.o(.text)
    DMA1_Channel2_IRQHandler                 0x080001cb   Thumb Code     0  startup_stm32f10x_md.o(.text)
    DMA1_Channel4_IRQHandler                 0x080001cb   Thumb Code     0  startup_stm32f10x_md.o(.text)
    DMA1_Channel6_IRQHandler                 0x080001cb   Thumb Code     0  startup_stm32f10x_md.o(.text)
    DMA1_Channel7_IRQHandler                 0x080001cb   Thumb Code     0  startup_stm32f10x_md.o(.text)
    EXTI0_IRQHandler                         0x080001cb   Thumb Code     0  startup_stm32f10x_md.o(.text)
    EXTI1_IRQHandler                         0x080001cb   Thumb Code     0  startup_stm32f10x_md.o(.text)
    EXTI2_IRQHandler                         0x080001cb   Thumb Code     0  startup_stm32f10x_md.o(.text)
    EXTI3_IRQHandler                         0x080001cb   Thumb Code     0  startup_stm32f10x_md.o(.text)
    EXTI4_IRQHandler                         0x080001cb   Thumb Code     0  startup_stm32f10x_md.o(.text)
    EXTI9_5_IRQHandler                       0x080001cb   Thumb Code     0  startup_stm32f10x_md.o(.text)
    FLASH_IRQHandler                         0x080001cb   Thumb Code     0  startup_stm32f10x_md.o(.text)
    I2C1_ER_IRQHandler                       0x080001cb   Thumb Code     0  startup_stm32f10x_md.o(.text)
    I2C1_EV_IRQHandler                       0x080001cb   Thumb Code     0  startup_stm32f10x_md.o(.text)
    I2C2_ER_IRQHandler                       0x080001cb   Thumb Code     0  startup_stm32f10x_md.o(.text)
    I2C2_EV_IRQHandler                       0x080001cb   Thumb Code     0  startup_stm32f10x_md.o(.text)
    PVD_IRQHandler                           0x080001cb   Thumb Code     0  startup_stm32f10x_md.o(.text)
    RCC_IRQHandler                           0x080001cb   Thumb Code     0  startup_stm32f10x_md.o(.text)
    RTCAlarm_IRQHandler                      0x080001cb   Thumb Code     0  startup_stm32f10x_md.o(.text)
    RTC_IRQHandler                           0x080001cb   Thumb Code     0  startup_stm32f10x_md.o(.text)
    SPI1_IRQHandler                          0x080001cb   Thumb Code     0  startup_stm32f10x_md.o(.text)
    SPI2_IRQHandler                          0x080001cb   Thumb Code     0  startup_stm32f10x_md.o(.text)
    TAMPER_IRQHandler                        0x080001cb   Thumb Code     0  startup_stm32f10x_md.o(.text)
    TIM1_BRK_IRQHandler                      0x080001cb   Thumb Code     0  startup_stm32f10x_md.o(.text)
    TIM1_CC_IRQHandler                       0x080001cb   Thumb Code     0  startup_stm32f10x_md.o(.text)
    TIM1_TRG_COM_IRQHandler                  0x080001cb   Thumb Code     0  startup_stm32f10x_md.o(.text)
    TIM1_UP_IRQHandler                       0x080001cb   Thumb Code     0  startup_stm32f10x_md.o(.text)
    TIM2_IRQHandler                          0x080001cb   Thumb Code     0  startup_stm32f10x_md.o(.text)
    TIM4_IRQHandler                          0x080001cb   Thumb Code     0  startup_stm32f10x_md.o(.text)
    USART2_IRQHandler                        0x080001cb   Thumb Code     0  startup_stm32f10x_md.o(.text)
    USBWakeUp_IRQHandler                     0x080001cb   Thumb Code     0  startup_stm32f10x_md.o(.text)
    USB_HP_CAN1_TX_IRQHandler                0x080001cb   Thumb Code     0  startup_stm32f10x_md.o(.text)
    USB_LP_CAN1_RX0_IRQHandler               0x080001cb   Thumb Code     0  startup_stm32f10x_md.o(.text)
    WWDG_IRQHandler                          0x080001cb   Thumb Code     0  startup_stm32f10x_md.o(.text)
    __user_initial_stackheap                 0x080001cd   Thumb Code     0  startup_stm32f10x_md.o(.text)
    rt_hw_interrupt_disable                  0x080001f1   Thumb Code     8  context_rvds.o(.text)
    rt_hw_interrupt_enable                   0x080001f9   Thumb Code     6  context_rvds.o(.text)
    rt_hw_context_switch                     0x080001ff   Thumb Code    32  context_rvds.o(.text)
    rt_hw_context_switch_interrupt           0x080001ff   Thumb Code     0  context_rvds.o(.text)
    PendSV_Handler                           0x0800021f   Thumb Code    60  context_rvds.o(.text)
    rt_hw_context_switch_to                  0x0800025b   Thumb Code    58  context_rvds.o(.text)
    rt_hw_interrupt_thread_switch            0x08000295   Thumb Code     2  context_rvds.o(.text)
    HardFault_Handler                        0x08000297   Thumb Code    48  context_rvds.o(.text)
    __2snprintf                              0x080002e1   Thumb Code    50  __2snprintf.o(.text)
    _printf_pre_padding                      0x08000319   Thumb Code    44  _printf_pad.o(.text)
    _printf_post_padding                     0x08000345   Thumb Code    34  _printf_pad.o(.text)
    _printf_str                              0x08000367   Thumb Code    82  _printf_str.o(.text)
    _printf_int_dec                          0x080003b9   Thumb Code   104  _printf_dec.o(.text)
    _printf_int_hex                          0x08000431   Thumb Code    84  _printf_hex_int.o(.text)
    _printf_longlong_hex                     0x08000431   Thumb Code     0  _printf_hex_int.o(.text)
    __printf                                 0x08000489   Thumb Code   308  __printf_flags_wp.o(.text)
    __0sscanf                                0x080005c1   Thumb Code    52  __0sscanf.o(.text)
    _scanf_int                               0x080005fd   Thumb Code   332  _scanf_int.o(.text)
    memcmp                                   0x08000749   Thumb Code    88  memcmp.o(.text)
    strlen                                   0x080007a1   Thumb Code    62  strlen.o(.text)
    memchr                                   0x080007df   Thumb Code    20  memchr.o(.text)
    __aeabi_memcpy                           0x080007f3   Thumb Code     0  rt_memcpy_v6.o(.text)
    __rt_memcpy                              0x080007f3   Thumb Code   138  rt_memcpy_v6.o(.text)
    _memcpy_lastbytes                        0x08000859   Thumb Code     0  rt_memcpy_v6.o(.text)
    __aeabi_memclr                           0x0800087d   Thumb Code     0  rt_memclr.o(.text)
    __rt_memclr                              0x0800087d   Thumb Code    68  rt_memclr.o(.text)
    _memset                                  0x08000881   Thumb Code     0  rt_memclr.o(.text)
    __aeabi_memclr4                          0x080008c1   Thumb Code     0  rt_memclr_w.o(.text)
    __aeabi_memclr8                          0x080008c1   Thumb Code     0  rt_memclr_w.o(.text)
    __rt_memclr_w                            0x080008c1   Thumb Code    78  rt_memclr_w.o(.text)
    _memset_w                                0x080008c5   Thumb Code     0  rt_memclr_w.o(.text)
    strcmp                                   0x08000911   Thumb Code   128  strcmpv7m.o(.text)
    __use_two_region_memory                  0x08000991   Thumb Code     2  heapauxi.o(.text)
    __rt_heap_escrow$2region                 0x08000993   Thumb Code     2  heapauxi.o(.text)
    __rt_heap_expand$2region                 0x08000995   Thumb Code     2  heapauxi.o(.text)
    _printf_int_common                       0x08000997   Thumb Code   178  _printf_intcommon.o(.text)
    _printf_char_common                      0x08000a53   Thumb Code    32  _printf_char_common.o(.text)
    _sputc                                   0x08000a79   Thumb Code    10  _sputc.o(.text)
    _snputc                                  0x08000a83   Thumb Code    16  _snputc.o(.text)
    _printf_cs_common                        0x08000a93   Thumb Code    20  _printf_char.o(.text)
    _printf_char                             0x08000aa7   Thumb Code    16  _printf_char.o(.text)
    _printf_string                           0x08000ab7   Thumb Code     8  _printf_char.o(.text)
    _chval                                   0x08000abf   Thumb Code    28  _chval.o(.text)
    __vfscanf_char                           0x08000ae9   Thumb Code    24  scanf_char.o(.text)
    _sgetc                                   0x08000b09   Thumb Code    30  _sgetc.o(.text)
    _sbackspace                              0x08000b27   Thumb Code    34  _sgetc.o(.text)
    __aeabi_memcpy4                          0x08000b49   Thumb Code     0  rt_memcpy_w.o(.text)
    __aeabi_memcpy8                          0x08000b49   Thumb Code     0  rt_memcpy_w.o(.text)
    __rt_memcpy_w                            0x08000b49   Thumb Code   100  rt_memcpy_w.o(.text)
    _memcpy_lastbytes_aligned                0x08000b91   Thumb Code     0  rt_memcpy_w.o(.text)
    isspace                                  0x08000bad   Thumb Code    18  isspace.o(.text)
    __vfscanf                                0x08000bc1   Thumb Code   878  _scanf.o(.text)
    __user_setup_stackheap                   0x08000f35   Thumb Code    74  sys_stackheap_outer.o(.text)
    __rt_ctype_table                         0x08000f81   Thumb Code    16  rt_ctype_table.o(.text)
    exit                                     0x08000f91   Thumb Code    18  exit.o(.text)
    __user_libspace                          0x08000fa5   Thumb Code     8  libspace.o(.text)
    __user_perproc_libspace                  0x08000fa5   Thumb Code     0  libspace.o(.text)
    __user_perthread_libspace                0x08000fa5   Thumb Code     0  libspace.o(.text)
    __rt_locale                              0x08000fad   Thumb Code     8  rt_locale_intlibspace.o(.text)
    _sys_exit                                0x08000fb5   Thumb Code     8  sys_exit.o(.text)
    __I$use$semihosting                      0x08000fc1   Thumb Code     0  use_no_semi.o(.text)
    __use_no_semihosting_swi                 0x08000fc1   Thumb Code     2  use_no_semi.o(.text)
    __semihosting_library_function           0x08000fc3   Thumb Code     0  indicate_semi.o(.text)
    main                                     0x08000fc3   Thumb Code    14  components.o(i.$Sub$$main)
    ATCMD_waitOK                             0x08000fd1   Thumb Code    68  main.o(i.ATCMD_waitOK)
    DMA1_Channel3_IRQHandler                 0x080014a1   Thumb Code    18  usart.o(i.DMA1_Channel3_IRQHandler)
    DMA1_Channel5_IRQHandler                 0x080014b9   Thumb Code    18  usart.o(i.DMA1_Channel5_IRQHandler)
    DMA_ClearFlag                            0x080014d1   Thumb Code    18  stm32f10x_dma.o(i.DMA_ClearFlag)
    DMA_GetCurrDataCounter                   0x080014ed   Thumb Code     8  stm32f10x_dma.o(i.DMA_GetCurrDataCounter)
    EXTI15_10_IRQHandler                     0x080014f5   Thumb Code    80  main.o(i.EXTI15_10_IRQHandler)
    EXTI_ClearITPendingBit                   0x0800154d   Thumb Code     6  stm32f10x_exti.o(i.EXTI_ClearITPendingBit)
    EXTI_GetITStatus                         0x08001559   Thumb Code    34  stm32f10x_exti.o(i.EXTI_GetITStatus)
    EXTI_Init                                0x08001581   Thumb Code   142  stm32f10x_exti.o(i.EXTI_Init)
    GPIO_Configuration                       0x08001615   Thumb Code   214  main.o(i.GPIO_Configuration)
    GPIO_EXTILineConfig                      0x080016f5   Thumb Code    60  stm32f10x_gpio.o(i.GPIO_EXTILineConfig)
    GPIO_Init                                0x08001735   Thumb Code   278  stm32f10x_gpio.o(i.GPIO_Init)
    GPIO_ResetBits                           0x0800184b   Thumb Code     4  stm32f10x_gpio.o(i.GPIO_ResetBits)
    GPIO_SetBits                             0x0800184f   Thumb Code     4  stm32f10x_gpio.o(i.GPIO_SetBits)
    I2C_AcknowledgeConfig                    0x08001853   Thumb Code    24  stm32f10x_i2c.o(i.I2C_AcknowledgeConfig)
    I2C_CheckEvent                           0x0800186b   Thumb Code    42  stm32f10x_i2c.o(i.I2C_CheckEvent)
    I2C_ClearFlag                            0x08001895   Thumb Code    12  stm32f10x_i2c.o(i.I2C_ClearFlag)
    I2C_Cmd                                  0x080018a1   Thumb Code    24  stm32f10x_i2c.o(i.I2C_Cmd)
    I2C_GenerateSTART                        0x080018b9   Thumb Code    24  stm32f10x_i2c.o(i.I2C_GenerateSTART)
    I2C_GenerateSTOP                         0x080018d1   Thumb Code    24  stm32f10x_i2c.o(i.I2C_GenerateSTOP)
    I2C_GetFlagStatus                        0x080018e9   Thumb Code    58  stm32f10x_i2c.o(i.I2C_GetFlagStatus)
    I2C_Init                                 0x08001925   Thumb Code   222  stm32f10x_i2c.o(i.I2C_Init)
    I2C_ReceiveData                          0x08001a11   Thumb Code     8  stm32f10x_i2c.o(i.I2C_ReceiveData)
    I2C_Send7bitAddress                      0x08001a19   Thumb Code    18  stm32f10x_i2c.o(i.I2C_Send7bitAddress)
    I2C_SendData                             0x08001a2b   Thumb Code     4  stm32f10x_i2c.o(i.I2C_SendData)
    IWDG_Feed                                0x08001a2f   Thumb Code     2  time_utils.o(i.IWDG_Feed)
    IWDG_Init                                0x08001a31   Thumb Code     2  time_utils.o(i.IWDG_Init)
    NVIC_Init                                0x08001a35   Thumb Code   100  misc.o(i.NVIC_Init)
    NVIC_PriorityGroupConfig                 0x08001aa5   Thumb Code    10  misc.o(i.NVIC_PriorityGroupConfig)
    RCC_APB1PeriphClockCmd                   0x08001ab9   Thumb Code    26  stm32f10x_rcc.o(i.RCC_APB1PeriphClockCmd)
    RCC_APB2PeriphClockCmd                   0x08001ad9   Thumb Code    26  stm32f10x_rcc.o(i.RCC_APB2PeriphClockCmd)
    RCC_Configuration                        0x08001af9   Thumb Code    24  main.o(i.RCC_Configuration)
    RCC_GetClocksFreq                        0x08001b11   Thumb Code   192  stm32f10x_rcc.o(i.RCC_GetClocksFreq)
    RST_Configuration                        0x08001be5   Thumb Code    72  main.o(i.RST_Configuration)
    SEE_i2c_init                             0x08001c2d   Thumb Code    62  see_i2c.o(i.SEE_i2c_init)
    SEE_i2c_read                             0x08001c79   Thumb Code   436  see_i2c.o(i.SEE_i2c_read)
    SEE_i2c_write                            0x08001e45   Thumb Code   280  see_i2c.o(i.SEE_i2c_write)
    SysTick_Handler                          0x08002059   Thumb Code    16  board.o(i.SysTick_Handler)
    SystemCoreClockUpdate                    0x08002069   Thumb Code   142  system_stm32f10x.o(i.SystemCoreClockUpdate)
    SystemInit                               0x0800210d   Thumb Code    78  system_stm32f10x.o(i.SystemInit)
    TIM3_IRQHandler                          0x0800216d   Thumb Code    40  time_utils.o(i.TIM3_IRQHandler)
    TIM3_Int_Init                            0x0800219d   Thumb Code    90  time_utils.o(i.TIM3_Int_Init)
    TIM_ClearITPendingBit                    0x080021fd   Thumb Code     6  stm32f10x_tim.o(i.TIM_ClearITPendingBit)
    TIM_Cmd                                  0x08002203   Thumb Code    24  stm32f10x_tim.o(i.TIM_Cmd)
    TIM_GetITStatus                          0x0800221b   Thumb Code    34  stm32f10x_tim.o(i.TIM_GetITStatus)
    TIM_ITConfig                             0x0800223d   Thumb Code    18  stm32f10x_tim.o(i.TIM_ITConfig)
    TIM_TimeBaseInit                         0x08002251   Thumb Code   122  stm32f10x_tim.o(i.TIM_TimeBaseInit)
    USART1_IRQHandler                        0x080022f5   Thumb Code    18  usart.o(i.USART1_IRQHandler)
    USART3_IRQHandler                        0x0800230d   Thumb Code    18  usart.o(i.USART3_IRQHandler)
    USART_ClearITPendingBit                  0x08002325   Thumb Code    30  stm32f10x_usart.o(i.USART_ClearITPendingBit)
    USART_Cmd                                0x08002343   Thumb Code    24  stm32f10x_usart.o(i.USART_Cmd)
    USART_GetFlagStatus                      0x0800235b   Thumb Code    26  stm32f10x_usart.o(i.USART_GetFlagStatus)
    USART_GetITStatus                        0x08002375   Thumb Code    84  stm32f10x_usart.o(i.USART_GetITStatus)
    USART_ITConfig                           0x080023c9   Thumb Code    74  stm32f10x_usart.o(i.USART_ITConfig)
    USART_Init                               0x08002415   Thumb Code   210  stm32f10x_usart.o(i.USART_Init)
    USART_ReceiveData                        0x080024ed   Thumb Code    10  stm32f10x_usart.o(i.USART_ReceiveData)
    USART_SendData                           0x080024f7   Thumb Code     8  stm32f10x_usart.o(i.USART_SendData)
    USERCOM_direct_BC95COM                   0x08002501   Thumb Code    90  main.o(i.USERCOM_direct_BC95COM)
    __rt_ffs                                 0x08002595   Thumb Code    70  kservice.o(i.__rt_ffs)
    _is_digit                                0x080025f5   Thumb Code    14  __printf_wp.o(i._is_digit)
    bc95_cfgBaudRate                         0x08002735   Thumb Code    92  main.o(i.bc95_cfgBaudRate)
    checkConfigIPORT                         0x080027b9   Thumb Code   100  utils.o(i.checkConfigIPORT)
    checkConfigRS232                         0x0800282d   Thumb Code   134  utils.o(i.checkConfigRS232)
    coap_msgSend                             0x080028c1   Thumb Code   130  main.o(i.coap_msgSend)
    config_bc95                              0x0800296d   Thumb Code   202  main.o(i.config_bc95)
    config_init                              0x08002ac9   Thumb Code     8  config_utils.o(i.config_init)
    delay_ms                                 0x08002ad1   Thumb Code    42  time_utils.o(i.delay_ms)
    get_IMEI                                 0x08002b75   Thumb Code    98  main.o(i.get_IMEI)
    get_NBAND                                0x08002bfd   Thumb Code   104  main.o(i.get_NBAND)
    get_crc32                                0x08002c85   Thumb Code    50  crc32.o(i.get_crc32)
    get_timestamp                            0x08002cbd   Thumb Code     8  time_utils.o(i.get_timestamp)
    ghConfig                                 0x08002cc9   Thumb Code   262  main.o(i.ghConfig)
    load_config                              0x08002e35   Thumb Code    28  main.o(i.load_config)
    $Super$$main                             0x08002e59   Thumb Code    42  main.o(i.main)
    main_entry                               0x08002e91   Thumb Code   252  main.o(i.main_entry)
    main_thread_entry                        0x08002fa9   Thumb Code    14  components.o(i.main_thread_entry)
    memmem                                   0x08002fb7   Thumb Code    96  utils.o(i.memmem)
    read_config                              0x08003091   Thumb Code    84  config_utils.o(i.read_config)
    rt_application_init                      0x080030e5   Thumb Code    32  components.o(i.rt_application_init)
    rt_completion_done                       0x08003111   Thumb Code    72  completion.o(i.rt_completion_done)
    rt_components_board_init                 0x08003159   Thumb Code    20  components.o(i.rt_components_board_init)
    rt_components_init                       0x08003175   Thumb Code    20  components.o(i.rt_components_init)
    rt_data_queue_peak                       0x08003191   Thumb Code    90  dataqueue.o(i.rt_data_queue_peak)
    rt_data_queue_pop                        0x080031eb   Thumb Code   262  dataqueue.o(i.rt_data_queue_pop)
    rt_enter_critical                        0x08003389   Thumb Code    28  scheduler.o(i.rt_enter_critical)
    rt_exit_critical                         0x080033a9   Thumb Code    54  scheduler.o(i.rt_exit_critical)
    rt_free                                  0x080033e5   Thumb Code    98  mem.o(i.rt_free)
    rt_heap_begin_get                        0x0800345d   Thumb Code     4  board.o(i.rt_heap_begin_get)
    rt_heap_end_get                          0x08003465   Thumb Code     4  board.o(i.rt_heap_end_get)
    rt_hw_board_init                         0x0800346d   Thumb Code    48  board.o(i.rt_hw_board_init)
    rt_hw_hard_fault_exception               0x080034a1   Thumb Code    32  cpuport.o(i.rt_hw_hard_fault_exception)
    rt_hw_serial_isr                         0x080034c5   Thumb Code   340  serial.o(i.rt_hw_serial_isr)
    rt_hw_stack_init                         0x08003619   Thumb Code    70  cpuport.o(i.rt_hw_stack_init)
    rt_interrupt_enter                       0x08003665   Thumb Code    26  irq.o(i.rt_interrupt_enter)
    rt_interrupt_leave                       0x08003685   Thumb Code    26  irq.o(i.rt_interrupt_leave)
    rt_malloc                                0x080037e1   Thumb Code   336  mem.o(i.rt_malloc)
    rt_memset                                0x0800394d   Thumb Code    72  kservice.o(i.rt_memset)
    rt_object_allocate                       0x08003995   Thumb Code    74  object.o(i.rt_object_allocate)
    rt_object_delete                         0x080039df   Thumb Code    32  object.o(i.rt_object_delete)
    rt_object_detach                         0x080039ff   Thumb Code    26  object.o(i.rt_object_detach)
    rt_object_get_information                0x08003a19   Thumb Code    36  object.o(i.rt_object_get_information)
    rt_object_init                           0x08003a41   Thumb Code    60  object.o(i.rt_object_init)
    rt_object_is_systemobject                0x08003a7d   Thumb Code    18  object.o(i.rt_object_is_systemobject)
    rt_schedule                              0x08003a91   Thumb Code   118  scheduler.o(i.rt_schedule)
    rt_schedule_insert_thread                0x08003b21   Thumb Code    72  scheduler.o(i.rt_schedule_insert_thread)
    rt_schedule_remove_thread                0x08003b71   Thumb Code    76  scheduler.o(i.rt_schedule_remove_thread)
    rt_sem_init                              0x08003bc5   Thumb Code    38  ipc.o(i.rt_sem_init)
    rt_sem_release                           0x08003beb   Thumb Code    58  ipc.o(i.rt_sem_release)
    rt_sem_take                              0x08003c25   Thumb Code   116  ipc.o(i.rt_sem_take)
    rt_show_version                          0x08003c99   Thumb Code     2  kservice.o(i.rt_show_version)
    rt_strncpy                               0x08003c9b   Thumb Code    52  kservice.o(i.rt_strncpy)
    rt_system_heap_init                      0x08003cd1   Thumb Code   146  mem.o(i.rt_system_heap_init)
    rt_system_scheduler_init                 0x08003d81   Thumb Code    52  scheduler.o(i.rt_system_scheduler_init)
    rt_system_scheduler_start                0x08003dcd   Thumb Code    36  scheduler.o(i.rt_system_scheduler_start)
    rt_system_timer_init                     0x08003dfd   Thumb Code    24  timer.o(i.rt_system_timer_init)
    rt_system_timer_thread_init              0x08003e19   Thumb Code     2  timer.o(i.rt_system_timer_thread_init)
    rt_thread_create                         0x08003e1b   Thumb Code    80  thread.o(i.rt_thread_create)
    rt_thread_delay                          0x08003e6b   Thumb Code    12  thread.o(i.rt_thread_delay)
    rt_thread_exit                           0x08003e79   Thumb Code    76  thread.o(i.rt_thread_exit)
    rt_thread_idle_excute                    0x08003ed5   Thumb Code   128  idle.o(i.rt_thread_idle_excute)
    rt_thread_idle_init                      0x08003f59   Thumb Code    38  idle.o(i.rt_thread_idle_init)
    rt_thread_init                           0x08003f95   Thumb Code    52  thread.o(i.rt_thread_init)
    rt_thread_resume                         0x08003fc9   Thumb Code    60  thread.o(i.rt_thread_resume)
    rt_thread_self                           0x08004005   Thumb Code     6  thread.o(i.rt_thread_self)
    rt_thread_sleep                          0x08004011   Thumb Code    62  thread.o(i.rt_thread_sleep)
    rt_thread_startup                        0x08004055   Thumb Code    44  thread.o(i.rt_thread_startup)
    rt_thread_suspend                        0x08004081   Thumb Code    68  thread.o(i.rt_thread_suspend)
    rt_thread_timeout                        0x080040c5   Thumb Code    32  thread.o(i.rt_thread_timeout)
    rt_thread_yield                          0x080040e5   Thumb Code    92  thread.o(i.rt_thread_yield)
    rt_tick_get                              0x08004149   Thumb Code     6  clock.o(i.rt_tick_get)
    rt_tick_increase                         0x08004155   Thumb Code    42  clock.o(i.rt_tick_increase)
    rt_timer_check                           0x08004185   Thumb Code   118  timer.o(i.rt_timer_check)
    rt_timer_control                         0x08004201   Thumb Code    56  timer.o(i.rt_timer_control)
    rt_timer_detach                          0x08004239   Thumb Code    32  timer.o(i.rt_timer_detach)
    rt_timer_init                            0x08004259   Thumb Code    46  timer.o(i.rt_timer_init)
    rt_timer_start                           0x08004289   Thumb Code   238  timer.o(i.rt_timer_start)
    rt_timer_stop                            0x08004381   Thumb Code    48  timer.o(i.rt_timer_stop)
    rtthread_startup                         0x080043c1   Thumb Code    42  components.o(i.rtthread_startup)
    sEE_TIMEOUT_UserCallback                 0x080043eb   Thumb Code     4  see_i2c.o(i.sEE_TIMEOUT_UserCallback)
    sEE_WaitEepromStandbyState               0x080043f1   Thumb Code   218  see_i2c.o(i.sEE_WaitEepromStandbyState)
    save_config                              0x080044e1   Thumb Code    72  config_utils.o(i.save_config)
    start_mode                               0x08004529   Thumb Code   208  main.o(i.start_mode)
    tick_ms_init                             0x08004643   Thumb Code    14  time_utils.o(i.tick_ms_init)
    udp_msgSend                              0x080046d9   Thumb Code   194  main.o(i.udp_msgSend)
    usart_init                               0x080047d9   Thumb Code   150  usart_utils.o(i.usart_init)
    usart_read                               0x0800486f   Thumb Code    98  usart_utils.o(i.usart_read)
    usart_write                              0x080048d1   Thumb Code    52  usart_utils.o(i.usart_write)
    wait_OK                                  0x08004905   Thumb Code    54  main.o(i.wait_OK)
    _get_lc_ctype                            0x08004949   Thumb Code    44  lc_ctype_c.o(locale$$code)
    __lowest_bit_bitmap                      0x08004981   Data         256  kservice.o(.constdata)
    __rt_init_rti_start                      0x08004b18   Data           4  components.o(.rti_fn.0)
    __rt_init_rti_board_start                0x08004b1c   Data           4  components.o(.rti_fn.0.end)
    __rt_init_rti_board_end                  0x08004b20   Data           4  components.o(.rti_fn.1.end)
    __rt_init_rti_end                        0x08004b24   Data           4  components.o(.rti_fn.6.end)
    Region$$Table$$Base                      0x08004b28   Number         0  anon$$obj.o(Region$$Table)
    Region$$Table$$Limit                     0x08004b48   Number         0  anon$$obj.o(Region$$Table)
    __ctype                                  0x08004b55   Data           0  lc_ctype_c.o(locale$$data)
    cmdExe                                   0x20000008   Data          48  main.o(.data)
    sEEAddress                               0x20000038   Data           2  see_i2c.o(.data)
    sEETimeout                               0x2000003c   Data           4  see_i2c.o(.data)
    SystemCoreClock                          0x20000048   Data           4  system_stm32f10x.o(.data)
    AHBPrescTable                            0x2000004c   Data          16  system_stm32f10x.o(.data)
    rt_interrupt_from_thread                 0x20000070   Data           4  cpuport.o(.data)
    rt_interrupt_to_thread                   0x20000074   Data           4  cpuport.o(.data)
    rt_thread_switch_interrupt_flag          0x20000078   Data           4  cpuport.o(.data)
    rt_interrupt_nest                        0x20000084   Data           1  irq.o(.data)
    rt_current_thread                        0x20000104   Data           4  scheduler.o(.data)
    rt_current_priority                      0x20000108   Data           1  scheduler.o(.data)
    rt_thread_ready_priority_group           0x2000010c   Data           4  scheduler.o(.data)
    rt_thread_defunct                        0x20000110   Data           8  scheduler.o(.data)
    serial1                                  0x200011c0   Data          84  usart.o(.bss)
    serial3                                  0x20001214   Data          84  usart.o(.bss)
    rt_thread_priority_table                 0x20002400   Data          64  scheduler.o(.bss)
    __libspace_start                         0x20002440   Data          96  libspace.o(.bss)
    __temporary_stack_top$libspace           0x200024a0   Data           0  libspace.o(.bss)



==============================================================================

Memory Map of the image

  Image Entry point : 0x080000ed

  Load Region LR_IROM1 (Base: 0x08000000, Size: 0x00004d7c, Max: 0x00010000, ABSOLUTE)

    Execution Region ER_IROM1 (Exec base: 0x08000000, Load base: 0x08000000, Size: 0x00004c58, Max: 0x00010000, ABSOLUTE)

    Exec Addr    Load Addr    Size         Type   Attr      Idx    E Section Name        Object

    0x08000000   0x08000000   0x000000ec   Data   RO         1182    RESET               startup_stm32f10x_md.o
    0x080000ec   0x080000ec   0x00000008   Code   RO         4121  * !!!main             c_w.l(__main.o)
    0x080000f4   0x080000f4   0x00000034   Code   RO         4313    !!!scatter          c_w.l(__scatter.o)
    0x08000128   0x08000128   0x0000001a   Code   RO         4315    !!handler_copy      c_w.l(__scatter_copy.o)
    0x08000142   0x08000142   0x00000002   PAD
    0x08000144   0x08000144   0x0000001c   Code   RO         4317    !!handler_zi        c_w.l(__scatter_zi.o)
    0x08000160   0x08000160   0x00000000   Code   RO         4100    .ARM.Collect$$_printf_percent$$00000000  c_w.l(_printf_percent.o)
    0x08000160   0x08000160   0x00000006   Code   RO         4099    .ARM.Collect$$_printf_percent$$00000009  c_w.l(_printf_d.o)
    0x08000166   0x08000166   0x00000006   Code   RO         4098    .ARM.Collect$$_printf_percent$$0000000C  c_w.l(_printf_x.o)
    0x0800016c   0x0800016c   0x00000006   Code   RO         4097    .ARM.Collect$$_printf_percent$$00000014  c_w.l(_printf_s.o)
    0x08000172   0x08000172   0x00000004   Code   RO         4134    .ARM.Collect$$_printf_percent$$00000017  c_w.l(_printf_percent_end.o)
    0x08000176   0x08000176   0x00000002   Code   RO         4175    .ARM.Collect$$libinit$$00000000  c_w.l(libinit.o)
    0x08000178   0x08000178   0x00000000   Code   RO         4190    .ARM.Collect$$libinit$$00000002  c_w.l(libinit2.o)
    0x08000178   0x08000178   0x00000000   Code   RO         4192    .ARM.Collect$$libinit$$00000004  c_w.l(libinit2.o)
    0x08000178   0x08000178   0x00000000   Code   RO         4195    .ARM.Collect$$libinit$$0000000A  c_w.l(libinit2.o)
    0x08000178   0x08000178   0x00000000   Code   RO         4197    .ARM.Collect$$libinit$$0000000C  c_w.l(libinit2.o)
    0x08000178   0x08000178   0x00000000   Code   RO         4199    .ARM.Collect$$libinit$$0000000E  c_w.l(libinit2.o)
    0x08000178   0x08000178   0x00000006   Code   RO         4200    .ARM.Collect$$libinit$$0000000F  c_w.l(libinit2.o)
    0x0800017e   0x0800017e   0x00000000   Code   RO         4202    .ARM.Collect$$libinit$$00000011  c_w.l(libinit2.o)
    0x0800017e   0x0800017e   0x0000000c   Code   RO         4203    .ARM.Collect$$libinit$$00000012  c_w.l(libinit2.o)
    0x0800018a   0x0800018a   0x00000000   Code   RO         4204    .ARM.Collect$$libinit$$00000013  c_w.l(libinit2.o)
    0x0800018a   0x0800018a   0x00000000   Code   RO         4206    .ARM.Collect$$libinit$$00000015  c_w.l(libinit2.o)
    0x0800018a   0x0800018a   0x00000000   Code   RO         4208    .ARM.Collect$$libinit$$00000017  c_w.l(libinit2.o)
    0x0800018a   0x0800018a   0x00000000   Code   RO         4210    .ARM.Collect$$libinit$$00000019  c_w.l(libinit2.o)
    0x0800018a   0x0800018a   0x00000000   Code   RO         4212    .ARM.Collect$$libinit$$0000001B  c_w.l(libinit2.o)
    0x0800018a   0x0800018a   0x00000000   Code   RO         4214    .ARM.Collect$$libinit$$0000001D  c_w.l(libinit2.o)
    0x0800018a   0x0800018a   0x00000000   Code   RO         4216    .ARM.Collect$$libinit$$0000001F  c_w.l(libinit2.o)
    0x0800018a   0x0800018a   0x00000000   Code   RO         4218    .ARM.Collect$$libinit$$00000021  c_w.l(libinit2.o)
    0x0800018a   0x0800018a   0x00000000   Code   RO         4220    .ARM.Collect$$libinit$$00000023  c_w.l(libinit2.o)
    0x0800018a   0x0800018a   0x00000000   Code   RO         4222    .ARM.Collect$$libinit$$00000025  c_w.l(libinit2.o)
    0x0800018a   0x0800018a   0x00000000   Code   RO         4226    .ARM.Collect$$libinit$$0000002C  c_w.l(libinit2.o)
    0x0800018a   0x0800018a   0x00000000   Code   RO         4228    .ARM.Collect$$libinit$$0000002E  c_w.l(libinit2.o)
    0x0800018a   0x0800018a   0x00000000   Code   RO         4230    .ARM.Collect$$libinit$$00000030  c_w.l(libinit2.o)
    0x0800018a   0x0800018a   0x00000000   Code   RO         4232    .ARM.Collect$$libinit$$00000032  c_w.l(libinit2.o)
    0x0800018a   0x0800018a   0x00000002   Code   RO         4233    .ARM.Collect$$libinit$$00000033  c_w.l(libinit2.o)
    0x0800018c   0x0800018c   0x00000002   Code   RO         4253    .ARM.Collect$$libshutdown$$00000000  c_w.l(libshutdown.o)
    0x0800018e   0x0800018e   0x00000000   Code   RO         4266    .ARM.Collect$$libshutdown$$00000002  c_w.l(libshutdown2.o)
    0x0800018e   0x0800018e   0x00000000   Code   RO         4268    .ARM.Collect$$libshutdown$$00000004  c_w.l(libshutdown2.o)
    0x0800018e   0x0800018e   0x00000000   Code   RO         4271    .ARM.Collect$$libshutdown$$00000007  c_w.l(libshutdown2.o)
    0x0800018e   0x0800018e   0x00000000   Code   RO         4274    .ARM.Collect$$libshutdown$$0000000A  c_w.l(libshutdown2.o)
    0x0800018e   0x0800018e   0x00000000   Code   RO         4276    .ARM.Collect$$libshutdown$$0000000C  c_w.l(libshutdown2.o)
    0x0800018e   0x0800018e   0x00000000   Code   RO         4279    .ARM.Collect$$libshutdown$$0000000F  c_w.l(libshutdown2.o)
    0x0800018e   0x0800018e   0x00000002   Code   RO         4280    .ARM.Collect$$libshutdown$$00000010  c_w.l(libshutdown2.o)
    0x08000190   0x08000190   0x00000000   Code   RO         4123    .ARM.Collect$$rtentry$$00000000  c_w.l(__rtentry.o)
    0x08000190   0x08000190   0x00000000   Code   RO         4144    .ARM.Collect$$rtentry$$00000002  c_w.l(__rtentry2.o)
    0x08000190   0x08000190   0x00000006   Code   RO         4156    .ARM.Collect$$rtentry$$00000004  c_w.l(__rtentry4.o)
    0x08000196   0x08000196   0x00000000   Code   RO         4146    .ARM.Collect$$rtentry$$00000009  c_w.l(__rtentry2.o)
    0x08000196   0x08000196   0x00000004   Code   RO         4147    .ARM.Collect$$rtentry$$0000000A  c_w.l(__rtentry2.o)
    0x0800019a   0x0800019a   0x00000000   Code   RO         4149    .ARM.Collect$$rtentry$$0000000C  c_w.l(__rtentry2.o)
    0x0800019a   0x0800019a   0x00000008   Code   RO         4150    .ARM.Collect$$rtentry$$0000000D  c_w.l(__rtentry2.o)
    0x080001a2   0x080001a2   0x00000002   Code   RO         4179    .ARM.Collect$$rtexit$$00000000  c_w.l(rtexit.o)
    0x080001a4   0x080001a4   0x00000000   Code   RO         4235    .ARM.Collect$$rtexit$$00000002  c_w.l(rtexit2.o)
    0x080001a4   0x080001a4   0x00000004   Code   RO         4236    .ARM.Collect$$rtexit$$00000003  c_w.l(rtexit2.o)
    0x080001a8   0x080001a8   0x00000006   Code   RO         4237    .ARM.Collect$$rtexit$$00000004  c_w.l(rtexit2.o)
    0x080001ae   0x080001ae   0x00000002   PAD
    0x080001b0   0x080001b0   0x00000040   Code   RO         1183    .text               startup_stm32f10x_md.o
    0x080001f0   0x080001f0   0x000000f0   Code   RO         3000    .text               context_rvds.o
    0x080002e0   0x080002e0   0x00000038   Code   RO         4044    .text               c_w.l(__2snprintf.o)
    0x08000318   0x08000318   0x0000004e   Code   RO         4050    .text               c_w.l(_printf_pad.o)
    0x08000366   0x08000366   0x00000052   Code   RO         4052    .text               c_w.l(_printf_str.o)
    0x080003b8   0x080003b8   0x00000078   Code   RO         4054    .text               c_w.l(_printf_dec.o)
    0x08000430   0x08000430   0x00000058   Code   RO         4059    .text               c_w.l(_printf_hex_int.o)
    0x08000488   0x08000488   0x00000138   Code   RO         4089    .text               c_w.l(__printf_flags_wp.o)
    0x080005c0   0x080005c0   0x0000003c   Code   RO         4101    .text               c_w.l(__0sscanf.o)
    0x080005fc   0x080005fc   0x0000014c   Code   RO         4103    .text               c_w.l(_scanf_int.o)
    0x08000748   0x08000748   0x00000058   Code   RO         4105    .text               c_w.l(memcmp.o)
    0x080007a0   0x080007a0   0x0000003e   Code   RO         4107    .text               c_w.l(strlen.o)
    0x080007de   0x080007de   0x00000014   Code   RO         4109    .text               c_w.l(memchr.o)
    0x080007f2   0x080007f2   0x0000008a   Code   RO         4111    .text               c_w.l(rt_memcpy_v6.o)
    0x0800087c   0x0800087c   0x00000044   Code   RO         4113    .text               c_w.l(rt_memclr.o)
    0x080008c0   0x080008c0   0x0000004e   Code   RO         4115    .text               c_w.l(rt_memclr_w.o)
    0x0800090e   0x0800090e   0x00000002   PAD
    0x08000910   0x08000910   0x00000080   Code   RO         4117    .text               c_w.l(strcmpv7m.o)
    0x08000990   0x08000990   0x00000006   Code   RO         4119    .text               c_w.l(heapauxi.o)
    0x08000996   0x08000996   0x000000b2   Code   RO         4124    .text               c_w.l(_printf_intcommon.o)
    0x08000a48   0x08000a48   0x00000030   Code   RO         4126    .text               c_w.l(_printf_char_common.o)
    0x08000a78   0x08000a78   0x0000000a   Code   RO         4128    .text               c_w.l(_sputc.o)
    0x08000a82   0x08000a82   0x00000010   Code   RO         4130    .text               c_w.l(_snputc.o)
    0x08000a92   0x08000a92   0x0000002c   Code   RO         4132    .text               c_w.l(_printf_char.o)
    0x08000abe   0x08000abe   0x0000001c   Code   RO         4135    .text               c_w.l(_chval.o)
    0x08000ada   0x08000ada   0x00000002   PAD
    0x08000adc   0x08000adc   0x0000002c   Code   RO         4137    .text               c_w.l(scanf_char.o)
    0x08000b08   0x08000b08   0x00000040   Code   RO         4139    .text               c_w.l(_sgetc.o)
    0x08000b48   0x08000b48   0x00000064   Code   RO         4141    .text               c_w.l(rt_memcpy_w.o)
    0x08000bac   0x08000bac   0x00000012   Code   RO         4158    .text               c_w.l(isspace.o)
    0x08000bbe   0x08000bbe   0x00000002   PAD
    0x08000bc0   0x08000bc0   0x00000374   Code   RO         4162    .text               c_w.l(_scanf.o)
    0x08000f34   0x08000f34   0x0000004a   Code   RO         4164    .text               c_w.l(sys_stackheap_outer.o)
    0x08000f7e   0x08000f7e   0x00000002   PAD
    0x08000f80   0x08000f80   0x00000010   Code   RO         4166    .text               c_w.l(rt_ctype_table.o)
    0x08000f90   0x08000f90   0x00000012   Code   RO         4168    .text               c_w.l(exit.o)
    0x08000fa2   0x08000fa2   0x00000002   PAD
    0x08000fa4   0x08000fa4   0x00000008   Code   RO         4176    .text               c_w.l(libspace.o)
    0x08000fac   0x08000fac   0x00000008   Code   RO         4184    .text               c_w.l(rt_locale_intlibspace.o)
    0x08000fb4   0x08000fb4   0x0000000c   Code   RO         4245    .text               c_w.l(sys_exit.o)
    0x08000fc0   0x08000fc0   0x00000002   Code   RO         4256    .text               c_w.l(use_no_semi.o)
    0x08000fc2   0x08000fc2   0x00000000   Code   RO         4258    .text               c_w.l(indicate_semi.o)
    0x08000fc2   0x08000fc2   0x0000000e   Code   RO         3075    i.$Sub$$main        components.o
    0x08000fd0   0x08000fd0   0x00000048   Code   RO            4    i.ATCMD_waitOK      main.o
    0x08001018   0x08001018   0x00000068   Code   RO            5    i.ATDELO_cmd        main.o
    0x08001080   0x08001080   0x000000b0   Code   RO            6    i.ATIMEIBD_cmd      main.o
    0x08001130   0x08001130   0x00000118   Code   RO            7    i.ATIPPORT_cmd      main.o
    0x08001248   0x08001248   0x00000104   Code   RO            8    i.ATRS232_cmd       main.o
    0x0800134c   0x0800134c   0x00000058   Code   RO            9    i.ATSAVE_cmd        main.o
    0x080013a4   0x080013a4   0x000000fc   Code   RO           10    i.ATSEMO_cmd        main.o
    0x080014a0   0x080014a0   0x00000018   Code   RO          959    i.DMA1_Channel3_IRQHandler  usart.o
    0x080014b8   0x080014b8   0x00000018   Code   RO          960    i.DMA1_Channel5_IRQHandler  usart.o
    0x080014d0   0x080014d0   0x0000001c   Code   RO         1284    i.DMA_ClearFlag     stm32f10x_dma.o
    0x080014ec   0x080014ec   0x00000008   Code   RO         1288    i.DMA_GetCurrDataCounter  stm32f10x_dma.o
    0x080014f4   0x080014f4   0x00000058   Code   RO           11    i.EXTI15_10_IRQHandler  main.o
    0x0800154c   0x0800154c   0x0000000c   Code   RO         1369    i.EXTI_ClearITPendingBit  stm32f10x_exti.o
    0x08001558   0x08001558   0x00000028   Code   RO         1373    i.EXTI_GetITStatus  stm32f10x_exti.o
    0x08001580   0x08001580   0x00000094   Code   RO         1374    i.EXTI_Init         stm32f10x_exti.o
    0x08001614   0x08001614   0x000000e0   Code   RO           12    i.GPIO_Configuration  main.o
    0x080016f4   0x080016f4   0x00000040   Code   RO         1437    i.GPIO_EXTILineConfig  stm32f10x_gpio.o
    0x08001734   0x08001734   0x00000116   Code   RO         1440    i.GPIO_Init         stm32f10x_gpio.o
    0x0800184a   0x0800184a   0x00000004   Code   RO         1447    i.GPIO_ResetBits    stm32f10x_gpio.o
    0x0800184e   0x0800184e   0x00000004   Code   RO         1448    i.GPIO_SetBits      stm32f10x_gpio.o
    0x08001852   0x08001852   0x00000018   Code   RO         2747    i.I2C_AcknowledgeConfig  stm32f10x_i2c.o
    0x0800186a   0x0800186a   0x0000002a   Code   RO         2749    i.I2C_CheckEvent    stm32f10x_i2c.o
    0x08001894   0x08001894   0x0000000c   Code   RO         2750    i.I2C_ClearFlag     stm32f10x_i2c.o
    0x080018a0   0x080018a0   0x00000018   Code   RO         2752    i.I2C_Cmd           stm32f10x_i2c.o
    0x080018b8   0x080018b8   0x00000018   Code   RO         2759    i.I2C_GenerateSTART  stm32f10x_i2c.o
    0x080018d0   0x080018d0   0x00000018   Code   RO         2760    i.I2C_GenerateSTOP  stm32f10x_i2c.o
    0x080018e8   0x080018e8   0x0000003a   Code   RO         2761    i.I2C_GetFlagStatus  stm32f10x_i2c.o
    0x08001922   0x08001922   0x00000002   PAD
    0x08001924   0x08001924   0x000000ec   Code   RO         2766    i.I2C_Init          stm32f10x_i2c.o
    0x08001a10   0x08001a10   0x00000008   Code   RO         2771    i.I2C_ReceiveData   stm32f10x_i2c.o
    0x08001a18   0x08001a18   0x00000012   Code   RO         2773    i.I2C_Send7bitAddress  stm32f10x_i2c.o
    0x08001a2a   0x08001a2a   0x00000004   Code   RO         2774    i.I2C_SendData      stm32f10x_i2c.o
    0x08001a2e   0x08001a2e   0x00000002   Code   RO          474    i.IWDG_Feed         time_utils.o
    0x08001a30   0x08001a30   0x00000002   Code   RO          475    i.IWDG_Init         time_utils.o
    0x08001a32   0x08001a32   0x00000002   PAD
    0x08001a34   0x08001a34   0x00000070   Code   RO         1236    i.NVIC_Init         misc.o
    0x08001aa4   0x08001aa4   0x00000014   Code   RO         1237    i.NVIC_PriorityGroupConfig  misc.o
    0x08001ab8   0x08001ab8   0x00000020   Code   RO         1562    i.RCC_APB1PeriphClockCmd  stm32f10x_rcc.o
    0x08001ad8   0x08001ad8   0x00000020   Code   RO         1564    i.RCC_APB2PeriphClockCmd  stm32f10x_rcc.o
    0x08001af8   0x08001af8   0x00000018   Code   RO           14    i.RCC_Configuration  main.o
    0x08001b10   0x08001b10   0x000000d4   Code   RO         1572    i.RCC_GetClocksFreq  stm32f10x_rcc.o
    0x08001be4   0x08001be4   0x00000048   Code   RO           15    i.RST_Configuration  main.o
    0x08001c2c   0x08001c2c   0x0000004c   Code   RO          423    i.SEE_i2c_init      see_i2c.o
    0x08001c78   0x08001c78   0x000001cc   Code   RO          424    i.SEE_i2c_read      see_i2c.o
    0x08001e44   0x08001e44   0x0000012c   Code   RO          425    i.SEE_i2c_write     see_i2c.o
    0x08001f70   0x08001f70   0x00000008   Code   RO         1190    i.SetSysClock       system_stm32f10x.o
    0x08001f78   0x08001f78   0x000000e0   Code   RO         1191    i.SetSysClockTo72   system_stm32f10x.o
    0x08002058   0x08002058   0x00000010   Code   RO         2959    i.SysTick_Handler   board.o
    0x08002068   0x08002068   0x000000a4   Code   RO         1192    i.SystemCoreClockUpdate  system_stm32f10x.o
    0x0800210c   0x0800210c   0x00000060   Code   RO         1193    i.SystemInit        system_stm32f10x.o
    0x0800216c   0x0800216c   0x00000030   Code   RO          476    i.TIM3_IRQHandler   time_utils.o
    0x0800219c   0x0800219c   0x00000060   Code   RO          477    i.TIM3_Int_Init     time_utils.o
    0x080021fc   0x080021fc   0x00000006   Code   RO         2197    i.TIM_ClearITPendingBit  stm32f10x_tim.o
    0x08002202   0x08002202   0x00000018   Code   RO         2202    i.TIM_Cmd           stm32f10x_tim.o
    0x0800221a   0x0800221a   0x00000022   Code   RO         2223    i.TIM_GetITStatus   stm32f10x_tim.o
    0x0800223c   0x0800223c   0x00000012   Code   RO         2227    i.TIM_ITConfig      stm32f10x_tim.o
    0x0800224e   0x0800224e   0x00000002   PAD
    0x08002250   0x08002250   0x000000a4   Code   RO         2273    i.TIM_TimeBaseInit  stm32f10x_tim.o
    0x080022f4   0x080022f4   0x00000018   Code   RO          965    i.USART1_IRQHandler  usart.o
    0x0800230c   0x0800230c   0x00000018   Code   RO          966    i.USART3_IRQHandler  usart.o
    0x08002324   0x08002324   0x0000001e   Code   RO         1929    i.USART_ClearITPendingBit  stm32f10x_usart.o
    0x08002342   0x08002342   0x00000018   Code   RO         1932    i.USART_Cmd         stm32f10x_usart.o
    0x0800235a   0x0800235a   0x0000001a   Code   RO         1935    i.USART_GetFlagStatus  stm32f10x_usart.o
    0x08002374   0x08002374   0x00000054   Code   RO         1936    i.USART_GetITStatus  stm32f10x_usart.o
    0x080023c8   0x080023c8   0x0000004a   Code   RO         1938    i.USART_ITConfig    stm32f10x_usart.o
    0x08002412   0x08002412   0x00000002   PAD
    0x08002414   0x08002414   0x000000d8   Code   RO         1939    i.USART_Init        stm32f10x_usart.o
    0x080024ec   0x080024ec   0x0000000a   Code   RO         1946    i.USART_ReceiveData  stm32f10x_usart.o
    0x080024f6   0x080024f6   0x00000008   Code   RO         1949    i.USART_SendData    stm32f10x_usart.o
    0x080024fe   0x080024fe   0x00000002   PAD
    0x08002500   0x08002500   0x00000064   Code   RO           16    i.USERCOM_direct_BC95COM  main.o
    0x08002564   0x08002564   0x00000030   Code   RO         2960    i._SysTick_Config   board.o
    0x08002594   0x08002594   0x0000004c   Code   RO         3479    i.__rt_ffs          kservice.o
    0x080025e0   0x080025e0   0x00000014   Code   RO         3233    i._has_defunct_thread  idle.o
    0x080025f4   0x080025f4   0x0000000e   Code   RO         4087    i._is_digit         c_w.l(__printf_wp.o)
    0x08002602   0x08002602   0x00000002   PAD
    0x08002604   0x08002604   0x00000084   Code   RO         3820    i._rt_thread_init   thread.o
    0x08002688   0x08002688   0x00000042   Code   RO         3935    i._rt_timer_init    timer.o
    0x080026ca   0x080026ca   0x0000002e   Code   RO         3936    i._rt_timer_remove  timer.o
    0x080026f8   0x080026f8   0x0000003c   Code   RO          872    i._serial_fifo_calc_recved_len  serial.o
    0x08002734   0x08002734   0x00000084   Code   RO           17    i.bc95_cfgBaudRate  main.o
    0x080027b8   0x080027b8   0x00000074   Code   RO          578    i.checkConfigIPORT  utils.o
    0x0800282c   0x0800282c   0x00000094   Code   RO          579    i.checkConfigRS232  utils.o
    0x080028c0   0x080028c0   0x000000ac   Code   RO           18    i.coap_msgSend      main.o
    0x0800296c   0x0800296c   0x0000015c   Code   RO           19    i.config_bc95       main.o
    0x08002ac8   0x08002ac8   0x00000008   Code   RO          343    i.config_init       config_utils.o
    0x08002ad0   0x08002ad0   0x0000002a   Code   RO          478    i.delay_ms          time_utils.o
    0x08002afa   0x08002afa   0x00000036   Code   RO          967    i.dma_rx_done_isr   usart.o
    0x08002b30   0x08002b30   0x00000042   Code   RO          968    i.dma_uart_rx_idle_isr  usart.o
    0x08002b72   0x08002b72   0x00000002   PAD
    0x08002b74   0x08002b74   0x00000088   Code   RO           20    i.get_IMEI          main.o
    0x08002bfc   0x08002bfc   0x00000088   Code   RO           21    i.get_NBAND         main.o
    0x08002c84   0x08002c84   0x00000038   Code   RO          389    i.get_crc32         crc32.o
    0x08002cbc   0x08002cbc   0x0000000c   Code   RO          479    i.get_timestamp     time_utils.o
    0x08002cc8   0x08002cc8   0x00000134   Code   RO           22    i.ghConfig          main.o
    0x08002dfc   0x08002dfc   0x00000038   Code   RO          390    i.init_crc32_tab    crc32.o
    0x08002e34   0x08002e34   0x00000024   Code   RO           23    i.load_config       main.o
    0x08002e58   0x08002e58   0x00000038   Code   RO           24    i.main              main.o
    0x08002e90   0x08002e90   0x00000118   Code   RO           25    i.main_entry        main.o
    0x08002fa8   0x08002fa8   0x0000000e   Code   RO         3076    i.main_thread_entry  components.o
    0x08002fb6   0x08002fb6   0x00000060   Code   RO          580    i.memmem            utils.o
    0x08003016   0x08003016   0x00000002   PAD
    0x08003018   0x08003018   0x00000078   Code   RO         3637    i.plug_holes        mem.o
    0x08003090   0x08003090   0x00000054   Code   RO          344    i.read_config       config_utils.o
    0x080030e4   0x080030e4   0x0000002c   Code   RO         3077    i.rt_application_init  components.o
    0x08003110   0x08003110   0x00000048   Code   RO          611    i.rt_completion_done  completion.o
    0x08003158   0x08003158   0x0000001c   Code   RO         3078    i.rt_components_board_init  components.o
    0x08003174   0x08003174   0x0000001c   Code   RO         3079    i.rt_components_init  components.o
    0x08003190   0x08003190   0x0000005a   Code   RO          675    i.rt_data_queue_peak  dataqueue.o
    0x080031ea   0x080031ea   0x00000106   Code   RO          676    i.rt_data_queue_pop  dataqueue.o
    0x080032f0   0x080032f0   0x0000000c   Code   RO          874    i.rt_dma_calc_recved_len  serial.o
    0x080032fc   0x080032fc   0x0000008a   Code   RO          876    i.rt_dma_recv_update_put_index  serial.o
    0x08003386   0x08003386   0x00000002   PAD
    0x08003388   0x08003388   0x00000020   Code   RO         3757    i.rt_enter_critical  scheduler.o
    0x080033a8   0x080033a8   0x0000003c   Code   RO         3758    i.rt_exit_critical  scheduler.o
    0x080033e4   0x080033e4   0x00000078   Code   RO         3639    i.rt_free           mem.o
    0x0800345c   0x0800345c   0x00000008   Code   RO         2961    i.rt_heap_begin_get  board.o
    0x08003464   0x08003464   0x00000008   Code   RO         2962    i.rt_heap_end_get   board.o
    0x0800346c   0x0800346c   0x00000034   Code   RO         2963    i.rt_hw_board_init  board.o
    0x080034a0   0x080034a0   0x00000024   Code   RO         3006    i.rt_hw_hard_fault_exception  cpuport.o
    0x080034c4   0x080034c4   0x00000154   Code   RO          877    i.rt_hw_serial_isr  serial.o
    0x08003618   0x08003618   0x0000004c   Code   RO         3007    i.rt_hw_stack_init  cpuport.o
    0x08003664   0x08003664   0x00000020   Code   RO         3452    i.rt_interrupt_enter  irq.o
    0x08003684   0x08003684   0x00000020   Code   RO         3454    i.rt_interrupt_leave  irq.o
    0x080036a4   0x080036a4   0x00000014   Code   RO         3273    i.rt_ipc_list_resume  ipc.o
    0x080036b8   0x080036b8   0x0000006c   Code   RO         3275    i.rt_ipc_list_suspend  ipc.o
    0x08003724   0x08003724   0x00000010   Code   RO         3276    i.rt_ipc_object_init  ipc.o
    0x08003734   0x08003734   0x00000006   Code   RO         3277    i.rt_list_init      ipc.o
    0x0800373a   0x0800373a   0x00000006   Code   RO         3759    i.rt_list_init      scheduler.o
    0x08003740   0x08003740   0x00000006   Code   RO         3937    i.rt_list_init      timer.o
    0x08003746   0x08003746   0x0000000e   Code   RO         3687    i.rt_list_insert_after  object.o
    0x08003754   0x08003754   0x0000000e   Code   RO         3821    i.rt_list_insert_after  thread.o
    0x08003762   0x08003762   0x0000000e   Code   RO         3938    i.rt_list_insert_after  timer.o
    0x08003770   0x08003770   0x0000000e   Code   RO          680    i.rt_list_insert_before  dataqueue.o
    0x0800377e   0x0800377e   0x0000000e   Code   RO         3278    i.rt_list_insert_before  ipc.o
    0x0800378c   0x0800378c   0x00000010   Code   RO          681    i.rt_list_isempty   dataqueue.o
    0x0800379c   0x0800379c   0x00000010   Code   RO         3279    i.rt_list_isempty   ipc.o
    0x080037ac   0x080037ac   0x00000010   Code   RO         3939    i.rt_list_isempty   timer.o
    0x080037bc   0x080037bc   0x00000012   Code   RO         3688    i.rt_list_remove    object.o
    0x080037ce   0x080037ce   0x00000012   Code   RO         3822    i.rt_list_remove    thread.o
    0x080037e0   0x080037e0   0x0000016c   Code   RO         3640    i.rt_malloc         mem.o
    0x0800394c   0x0800394c   0x00000048   Code   RO         3488    i.rt_memset         kservice.o
    0x08003994   0x08003994   0x0000004a   Code   RO         3689    i.rt_object_allocate  object.o
    0x080039de   0x080039de   0x00000020   Code   RO         3690    i.rt_object_delete  object.o
    0x080039fe   0x080039fe   0x0000001a   Code   RO         3691    i.rt_object_detach  object.o
    0x08003a18   0x08003a18   0x00000028   Code   RO         3693    i.rt_object_get_information  object.o
    0x08003a40   0x08003a40   0x0000003c   Code   RO         3694    i.rt_object_init    object.o
    0x08003a7c   0x08003a7c   0x00000012   Code   RO         3695    i.rt_object_is_systemobject  object.o
    0x08003a8e   0x08003a8e   0x00000002   PAD
    0x08003a90   0x08003a90   0x00000090   Code   RO         3760    i.rt_schedule       scheduler.o
    0x08003b20   0x08003b20   0x00000050   Code   RO         3761    i.rt_schedule_insert_thread  scheduler.o
    0x08003b70   0x08003b70   0x00000054   Code   RO         3762    i.rt_schedule_remove_thread  scheduler.o
    0x08003bc4   0x08003bc4   0x00000026   Code   RO         3299    i.rt_sem_init       ipc.o
    0x08003bea   0x08003bea   0x0000003a   Code   RO         3300    i.rt_sem_release    ipc.o
    0x08003c24   0x08003c24   0x00000074   Code   RO         3301    i.rt_sem_take       ipc.o
    0x08003c98   0x08003c98   0x00000002   Code   RO         3490    i.rt_show_version   kservice.o
    0x08003c9a   0x08003c9a   0x00000034   Code   RO         3498    i.rt_strncpy        kservice.o
    0x08003cce   0x08003cce   0x00000002   PAD
    0x08003cd0   0x08003cd0   0x000000b0   Code   RO         3643    i.rt_system_heap_init  mem.o
    0x08003d80   0x08003d80   0x0000004c   Code   RO         3763    i.rt_system_scheduler_init  scheduler.o
    0x08003dcc   0x08003dcc   0x00000030   Code   RO         3764    i.rt_system_scheduler_start  scheduler.o
    0x08003dfc   0x08003dfc   0x0000001c   Code   RO         3940    i.rt_system_timer_init  timer.o
    0x08003e18   0x08003e18   0x00000002   Code   RO         3941    i.rt_system_timer_thread_init  timer.o
    0x08003e1a   0x08003e1a   0x00000050   Code   RO         3824    i.rt_thread_create  thread.o
    0x08003e6a   0x08003e6a   0x0000000c   Code   RO         3825    i.rt_thread_delay   thread.o
    0x08003e76   0x08003e76   0x00000002   PAD
    0x08003e78   0x08003e78   0x00000054   Code   RO         3828    i.rt_thread_exit    thread.o
    0x08003ecc   0x08003ecc   0x00000008   Code   RO         3234    i.rt_thread_idle_entry  idle.o
    0x08003ed4   0x08003ed4   0x00000084   Code   RO         3235    i.rt_thread_idle_excute  idle.o
    0x08003f58   0x08003f58   0x0000003c   Code   RO         3237    i.rt_thread_idle_init  idle.o
    0x08003f94   0x08003f94   0x00000034   Code   RO         3830    i.rt_thread_init    thread.o
    0x08003fc8   0x08003fc8   0x0000003c   Code   RO         3831    i.rt_thread_resume  thread.o
    0x08004004   0x08004004   0x0000000c   Code   RO         3832    i.rt_thread_self    thread.o
    0x08004010   0x08004010   0x00000044   Code   RO         3833    i.rt_thread_sleep   thread.o
    0x08004054   0x08004054   0x0000002c   Code   RO         3834    i.rt_thread_startup  thread.o
    0x08004080   0x08004080   0x00000044   Code   RO         3835    i.rt_thread_suspend  thread.o
    0x080040c4   0x080040c4   0x00000020   Code   RO         3836    i.rt_thread_timeout  thread.o
    0x080040e4   0x080040e4   0x00000064   Code   RO         3837    i.rt_thread_yield   thread.o
    0x08004148   0x08004148   0x0000000c   Code   RO         3039    i.rt_tick_get       clock.o
    0x08004154   0x08004154   0x00000030   Code   RO         3040    i.rt_tick_increase  clock.o
    0x08004184   0x08004184   0x0000007c   Code   RO         3942    i.rt_timer_check    timer.o
    0x08004200   0x08004200   0x00000038   Code   RO         3943    i.rt_timer_control  timer.o
    0x08004238   0x08004238   0x00000020   Code   RO         3946    i.rt_timer_detach   timer.o
    0x08004258   0x08004258   0x0000002e   Code   RO         3947    i.rt_timer_init     timer.o
    0x08004286   0x08004286   0x00000002   PAD
    0x08004288   0x08004288   0x000000f8   Code   RO         3950    i.rt_timer_start    timer.o
    0x08004380   0x08004380   0x00000030   Code   RO         3951    i.rt_timer_stop     timer.o
    0x080043b0   0x080043b0   0x00000004   Code   RO         3080    i.rti_board_end     components.o
    0x080043b4   0x080043b4   0x00000004   Code   RO         3081    i.rti_board_start   components.o
    0x080043b8   0x080043b8   0x00000004   Code   RO         3082    i.rti_end           components.o
    0x080043bc   0x080043bc   0x00000004   Code   RO         3083    i.rti_start         components.o
    0x080043c0   0x080043c0   0x0000002a   Code   RO         3084    i.rtthread_startup  components.o
    0x080043ea   0x080043ea   0x00000004   Code   RO          426    i.sEE_TIMEOUT_UserCallback  see_i2c.o
    0x080043ee   0x080043ee   0x00000002   PAD
    0x080043f0   0x080043f0   0x000000f0   Code   RO          427    i.sEE_WaitEepromStandbyState  see_i2c.o
    0x080044e0   0x080044e0   0x00000048   Code   RO          345    i.save_config       config_utils.o
    0x08004528   0x08004528   0x00000100   Code   RO           26    i.start_mode        main.o
    0x08004628   0x08004628   0x0000001a   Code   RO          972    i.stm32_getc        usart.o
    0x08004642   0x08004642   0x0000000e   Code   RO          481    i.tick_ms_init      time_utils.o
    0x08004650   0x08004650   0x00000086   Code   RO          974    i.uart_isr          usart.o
    0x080046d6   0x080046d6   0x00000002   PAD
    0x080046d8   0x080046d8   0x00000100   Code   RO           27    i.udp_msgSend       main.o
    0x080047d8   0x080047d8   0x00000096   Code   RO          542    i.usart_init        usart_utils.o
    0x0800486e   0x0800486e   0x00000062   Code   RO          543    i.usart_read        usart_utils.o
    0x080048d0   0x080048d0   0x00000034   Code   RO          544    i.usart_write       usart_utils.o
    0x08004904   0x08004904   0x00000044   Code   RO           28    i.wait_OK           main.o
    0x08004948   0x08004948   0x0000002c   Code   RO         4187    locale$$code        c_w.l(lc_ctype_c.o)
    0x08004974   0x08004974   0x0000000d   Data   RO           30    .constdata          main.o
    0x08004981   0x08004981   0x00000122   Data   RO         3504    .constdata          kservice.o
    0x08004aa3   0x08004aa3   0x00000028   Data   RO         4060    .constdata          c_w.l(_printf_hex_int.o)
    0x08004acb   0x08004acb   0x00000011   Data   RO         4090    .constdata          c_w.l(__printf_flags_wp.o)
    0x08004adc   0x08004adc   0x0000003a   Data   RO           31    .conststring        main.o
    0x08004b16   0x08004b16   0x00000002   PAD
    0x08004b18   0x08004b18   0x00000004   Data   RO         3085    .rti_fn.0           components.o
    0x08004b1c   0x08004b1c   0x00000004   Data   RO         3086    .rti_fn.0.end       components.o
    0x08004b20   0x08004b20   0x00000004   Data   RO         3087    .rti_fn.1.end       components.o
    0x08004b24   0x08004b24   0x00000004   Data   RO         3088    .rti_fn.6.end       components.o
    0x08004b28   0x08004b28   0x00000020   Data   RO         4311    Region$$Table       anon$$obj.o
    0x08004b48   0x08004b48   0x00000110   Data   RO         4186    locale$$data        c_w.l(lc_ctype_c.o)


    Execution Region RW_IRAM1 (Exec base: 0x20000000, Load base: 0x08004c58, Size: 0x00002aa0, Max: 0x00005000, ABSOLUTE)

    Exec Addr    Load Addr    Size         Type   Attr      Idx    E Section Name        Object

    0x20000000   0x08004c58   0x00000038   Data   RW           32    .data               main.o
    0x20000038   0x08004c90   0x00000008   Data   RW          428    .data               see_i2c.o
    0x20000040   0x08004c98   0x00000008   Data   RW          482    .data               time_utils.o
    0x20000048   0x08004ca0   0x00000014   Data   RW         1194    .data               system_stm32f10x.o
    0x2000005c   0x08004cb4   0x00000014   Data   RW         1592    .data               stm32f10x_rcc.o
    0x20000070   0x08004cc8   0x00000010   Data   RW         3008    .data               cpuport.o
    0x20000080   0x08004cd8   0x00000004   Data   RW         3042    .data               clock.o
    0x20000084   0x08004cdc   0x00000001   Data   RW         3455    .data               irq.o
    0x20000085   0x08004cdd   0x00000003   PAD
    0x20000088   0x08004ce0   0x00000018   Data   RW         3645    .data               mem.o
    0x200000a0   0x08004cf8   0x00000060   Data   RW         3697    .data               object.o
    0x20000100   0x08004d58   0x00000018   Data   RW         3766    .data               scheduler.o
    0x20000118   0x08004d70   0x0000000c   Data   RW         3952    .data               timer.o
    0x20000124        -       0x00000c9c   Zero   RW           29    .bss                main.o
    0x20000dc0        -       0x00000400   Zero   RW          391    .bss                crc32.o
    0x200011c0        -       0x000000a8   Zero   RW          975    .bss                usart.o
    0x20001268        -       0x00001000   Zero   RW         2964    .bss                board.o
    0x20002268        -       0x00000178   Zero   RW         3238    .bss                idle.o
    0x200023e0        -       0x00000020   Zero   RW         3644    .bss                mem.o
    0x20002400        -       0x00000040   Zero   RW         3765    .bss                scheduler.o
    0x20002440        -       0x00000060   Zero   RW         4177    .bss                c_w.l(libspace.o)
    0x200024a0        -       0x00000200   Zero   RW         1181    HEAP                startup_stm32f10x_md.o
    0x200026a0        -       0x00000400   Zero   RW         1180    STACK               startup_stm32f10x_md.o


==============================================================================

Image component sizes


      Code (inc. data)   RO Data    RW Data    ZI Data      Debug   Object Name

       132         16          0          0       4096       3125   board.o
        60         12          0          4          0       1121   clock.o
        72          0          0          0          0       6637   completion.o
       186         28         16          0          0       5580   components.o
       164          0          0          0          0       3530   config_utils.o
       240         26          0          0          0        828   context_rvds.o
       112         10          0         16          0       3082   cpuport.o
       112         16          0          0       1024       1552   crc32.o
       382          0          0          0          0       5877   dataqueue.o
       220         30          0          0        376       4946   idle.o
       392          0          0          0          0       5569   ipc.o
        64         12          0          1          0       1526   irq.o
       202          6        290          0          0       5184   kservice.o
      3924        862         71         56       3228     298058   main.o
       780         92          0         24         32       3776   mem.o
       132         22          0          0          0       1691   misc.o
       282          4          0         96          0       7504   object.o
       530         88          0         24         64       5754   scheduler.o
      1080         80          0          8          0       3818   see_i2c.o
       550          0          0          0          0       3835   serial.o
        64         26        236          0       1536        816   startup_stm32f10x_md.o
        36         10          0          0          0       2849   stm32f10x_dma.o
       200         18          0          0          0       2292   stm32f10x_exti.o
       350          4          0          0          0       3870   stm32f10x_gpio.o
       474         14          0          0          0       8728   stm32f10x_i2c.o
       276         32          0         20          0       4606   stm32f10x_rcc.o
       246         42          0          0          0       3810   stm32f10x_tim.o
       472          6          0          0          0       7159   stm32f10x_usart.o
       492         50          0         20          0       2893   system_stm32f10x.o
       776         36          0          0          0      11079   thread.o
       216         18          0          8          0       3916   time_utils.o
       732         20          0         12          0      10372   timer.o
       376         24          0          0        168       5072   usart.o
       300          0          0          0          0       2668   usart_utils.o
       360         30          0          0          0       2927   utils.o
         0          0          0          0          0       2036   waitqueue.o

    ----------------------------------------------------------------------
     15014       1634        647        292      10524     448086   Object Totals
         0          0         32          0          0          0   (incl. Generated)
        28          0          2          3          0          0   (incl. Padding)

    ----------------------------------------------------------------------

      Code (inc. data)   RO Data    RW Data    ZI Data      Debug   Library Member Name

        60          8          0          0          0         84   __0sscanf.o
        56          6          0          0          0         88   __2snprintf.o
         8          0          0          0          0         68   __main.o
       312          4         17          0          0         92   __printf_flags_wp.o
        14          0          0          0          0         68   __printf_wp.o
         0          0          0          0          0          0   __rtentry.o
        12          0          0          0          0          0   __rtentry2.o
         6          0          0          0          0          0   __rtentry4.o
        52          8          0          0          0          0   __scatter.o
        26          0          0          0          0          0   __scatter_copy.o
        28          0          0          0          0          0   __scatter_zi.o
        28          0          0          0          0         68   _chval.o
        44          0          0          0          0        108   _printf_char.o
        48          6          0          0          0         96   _printf_char_common.o
         6          0          0          0          0          0   _printf_d.o
       120         16          0          0          0         92   _printf_dec.o
        88          4         40          0          0         88   _printf_hex_int.o
       178          0          0          0          0         88   _printf_intcommon.o
        78          0          0          0          0        108   _printf_pad.o
         0          0          0          0          0          0   _printf_percent.o
         4          0          0          0          0          0   _printf_percent_end.o
         6          0          0          0          0          0   _printf_s.o
        82          0          0          0          0         80   _printf_str.o
         6          0          0          0          0          0   _printf_x.o
       884          6          0          0          0        100   _scanf.o
       332          0          0          0          0         96   _scanf_int.o
        64          0          0          0          0         84   _sgetc.o
        16          0          0          0          0         68   _snputc.o
        10          0          0          0          0         68   _sputc.o
        18          0          0          0          0         80   exit.o
         6          0          0          0          0        152   heapauxi.o
         0          0          0          0          0          0   indicate_semi.o
        18          0          0          0          0         76   isspace.o
        44         10        272          0          0         76   lc_ctype_c.o
         2          0          0          0          0          0   libinit.o
        20          0          0          0          0          0   libinit2.o
         2          0          0          0          0          0   libshutdown.o
         2          0          0          0          0          0   libshutdown2.o
         8          4          0          0         96         68   libspace.o
        20          0          0          0          0         68   memchr.o
        88          0          0          0          0         76   memcmp.o
        16          4          0          0          0         76   rt_ctype_table.o
         8          4          0          0          0         68   rt_locale_intlibspace.o
        68          0          0          0          0         68   rt_memclr.o
        78          0          0          0          0         80   rt_memclr_w.o
       138          0          0          0          0         68   rt_memcpy_v6.o
       100          0          0          0          0         80   rt_memcpy_w.o
         2          0          0          0          0          0   rtexit.o
        10          0          0          0          0          0   rtexit2.o
        44          8          0          0          0         84   scanf_char.o
       128          0          0          0          0         68   strcmpv7m.o
        62          0          0          0          0         76   strlen.o
        12          4          0          0          0         68   sys_exit.o
        74          0          0          0          0         80   sys_stackheap_outer.o
         2          0          0          0          0         68   use_no_semi.o

    ----------------------------------------------------------------------
      3554         92        329          0         96       3024   Library Totals
        16          0          0          0          0          0   (incl. Padding)

    ----------------------------------------------------------------------

      Code (inc. data)   RO Data    RW Data    ZI Data      Debug   Library Name

      3538         92        329          0         96       3024   c_w.l

    ----------------------------------------------------------------------
      3554         92        329          0         96       3024   Library Totals

    ----------------------------------------------------------------------

==============================================================================


      Code (inc. data)   RO Data    RW Data    ZI Data      Debug   

     18568       1726        976        292      10620     439666   Grand Totals
     18568       1726        976        292      10620     439666   ELF Image Totals
     18568       1726        976        292          0          0   ROM Totals

==============================================================================

    Total RO  Size (Code + RO Data)                19544 (  19.09kB)
    Total RW  Size (RW Data + ZI Data)             10912 (  10.66kB)
    Total ROM Size (Code + RO Data + RW Data)      19836 (  19.37kB)

==============================================================================

